Archive member included to satisfy reference by file (symbol)

/opt/intelFPGA/18.1/nios2eds/bin/gnu/H-x86_64-pc-linux-gnu/bin/../lib/gcc/nios2-elf/5.3.0/../../../../../H-x86_64-pc-linux-gnu/nios2-elf/lib/libc.a(lib_a-puts.o)
                              obj/default/hello_world.o (puts)
/opt/intelFPGA/18.1/nios2eds/bin/gnu/H-x86_64-pc-linux-gnu/bin/../lib/gcc/nios2-elf/5.3.0/../../../../../H-x86_64-pc-linux-gnu/nios2-elf/lib/libc.a(lib_a-strlen.o)
                              /opt/intelFPGA/18.1/nios2eds/bin/gnu/H-x86_64-pc-linux-gnu/bin/../lib/gcc/nios2-elf/5.3.0/../../../../../H-x86_64-pc-linux-gnu/nios2-elf/lib/libc.a(lib_a-puts.o) (strlen)
/opt/intelFPGA/18.1/nios2eds/bin/gnu/H-x86_64-pc-linux-gnu/bin/../lib/gcc/nios2-elf/5.3.0/../../../../../H-x86_64-pc-linux-gnu/nios2-elf/lib/libc.a(lib_a-findfp.o)
                              /opt/intelFPGA/18.1/nios2eds/bin/gnu/H-x86_64-pc-linux-gnu/bin/../lib/gcc/nios2-elf/5.3.0/../../../../../H-x86_64-pc-linux-gnu/nios2-elf/lib/libc.a(lib_a-puts.o) (__sinit)
/opt/intelFPGA/18.1/nios2eds/bin/gnu/H-x86_64-pc-linux-gnu/bin/../lib/gcc/nios2-elf/5.3.0/../../../../../H-x86_64-pc-linux-gnu/nios2-elf/lib/libc.a(lib_a-fvwrite.o)
                              /opt/intelFPGA/18.1/nios2eds/bin/gnu/H-x86_64-pc-linux-gnu/bin/../lib/gcc/nios2-elf/5.3.0/../../../../../H-x86_64-pc-linux-gnu/nios2-elf/lib/libc.a(lib_a-puts.o) (__sfvwrite_r)
/opt/intelFPGA/18.1/nios2eds/bin/gnu/H-x86_64-pc-linux-gnu/bin/../lib/gcc/nios2-elf/5.3.0/../../../../../H-x86_64-pc-linux-gnu/nios2-elf/lib/libc.a(lib_a-fwalk.o)
                              /opt/intelFPGA/18.1/nios2eds/bin/gnu/H-x86_64-pc-linux-gnu/bin/../lib/gcc/nios2-elf/5.3.0/../../../../../H-x86_64-pc-linux-gnu/nios2-elf/lib/libc.a(lib_a-findfp.o) (_fwalk)
/opt/intelFPGA/18.1/nios2eds/bin/gnu/H-x86_64-pc-linux-gnu/bin/../lib/gcc/nios2-elf/5.3.0/../../../../../H-x86_64-pc-linux-gnu/nios2-elf/lib/libc.a(lib_a-impure.o)
                              /opt/intelFPGA/18.1/nios2eds/bin/gnu/H-x86_64-pc-linux-gnu/bin/../lib/gcc/nios2-elf/5.3.0/../../../../../H-x86_64-pc-linux-gnu/nios2-elf/lib/libc.a(lib_a-findfp.o) (_global_impure_ptr)
/opt/intelFPGA/18.1/nios2eds/bin/gnu/H-x86_64-pc-linux-gnu/bin/../lib/gcc/nios2-elf/5.3.0/../../../../../H-x86_64-pc-linux-gnu/nios2-elf/lib/libc.a(lib_a-mallocr.o)
                              /opt/intelFPGA/18.1/nios2eds/bin/gnu/H-x86_64-pc-linux-gnu/bin/../lib/gcc/nios2-elf/5.3.0/../../../../../H-x86_64-pc-linux-gnu/nios2-elf/lib/libc.a(lib_a-findfp.o) (_malloc_r)
/opt/intelFPGA/18.1/nios2eds/bin/gnu/H-x86_64-pc-linux-gnu/bin/../lib/gcc/nios2-elf/5.3.0/../../../../../H-x86_64-pc-linux-gnu/nios2-elf/lib/libc.a(lib_a-memchr.o)
                              /opt/intelFPGA/18.1/nios2eds/bin/gnu/H-x86_64-pc-linux-gnu/bin/../lib/gcc/nios2-elf/5.3.0/../../../../../H-x86_64-pc-linux-gnu/nios2-elf/lib/libc.a(lib_a-fvwrite.o) (memchr)
/opt/intelFPGA/18.1/nios2eds/bin/gnu/H-x86_64-pc-linux-gnu/bin/../lib/gcc/nios2-elf/5.3.0/../../../../../H-x86_64-pc-linux-gnu/nios2-elf/lib/libc.a(lib_a-memcpy.o)
                              /opt/intelFPGA/18.1/nios2eds/bin/gnu/H-x86_64-pc-linux-gnu/bin/../lib/gcc/nios2-elf/5.3.0/../../../../../H-x86_64-pc-linux-gnu/nios2-elf/lib/libc.a(lib_a-fvwrite.o) (memcpy)
/opt/intelFPGA/18.1/nios2eds/bin/gnu/H-x86_64-pc-linux-gnu/bin/../lib/gcc/nios2-elf/5.3.0/../../../../../H-x86_64-pc-linux-gnu/nios2-elf/lib/libc.a(lib_a-memmove.o)
                              /opt/intelFPGA/18.1/nios2eds/bin/gnu/H-x86_64-pc-linux-gnu/bin/../lib/gcc/nios2-elf/5.3.0/../../../../../H-x86_64-pc-linux-gnu/nios2-elf/lib/libc.a(lib_a-fvwrite.o) (memmove)
/opt/intelFPGA/18.1/nios2eds/bin/gnu/H-x86_64-pc-linux-gnu/bin/../lib/gcc/nios2-elf/5.3.0/../../../../../H-x86_64-pc-linux-gnu/nios2-elf/lib/libc.a(lib_a-memset.o)
                              /opt/intelFPGA/18.1/nios2eds/bin/gnu/H-x86_64-pc-linux-gnu/bin/../lib/gcc/nios2-elf/5.3.0/../../../../../H-x86_64-pc-linux-gnu/nios2-elf/lib/libc.a(lib_a-findfp.o) (memset)
/opt/intelFPGA/18.1/nios2eds/bin/gnu/H-x86_64-pc-linux-gnu/bin/../lib/gcc/nios2-elf/5.3.0/../../../../../H-x86_64-pc-linux-gnu/nios2-elf/lib/libc.a(lib_a-reallocr.o)
                              /opt/intelFPGA/18.1/nios2eds/bin/gnu/H-x86_64-pc-linux-gnu/bin/../lib/gcc/nios2-elf/5.3.0/../../../../../H-x86_64-pc-linux-gnu/nios2-elf/lib/libc.a(lib_a-fvwrite.o) (_realloc_r)
/opt/intelFPGA/18.1/nios2eds/bin/gnu/H-x86_64-pc-linux-gnu/bin/../lib/gcc/nios2-elf/5.3.0/../../../../../H-x86_64-pc-linux-gnu/nios2-elf/lib/libc.a(lib_a-sbrkr.o)
                              /opt/intelFPGA/18.1/nios2eds/bin/gnu/H-x86_64-pc-linux-gnu/bin/../lib/gcc/nios2-elf/5.3.0/../../../../../H-x86_64-pc-linux-gnu/nios2-elf/lib/libc.a(lib_a-mallocr.o) (_sbrk_r)
/opt/intelFPGA/18.1/nios2eds/bin/gnu/H-x86_64-pc-linux-gnu/bin/../lib/gcc/nios2-elf/5.3.0/../../../../../H-x86_64-pc-linux-gnu/nios2-elf/lib/libc.a(lib_a-stdio.o)
[...]
Memory Configuration

Name             Origin             Length             Attributes
SDRAM_controller 0x0000000004000000 0x0000000004000000
reset            0x0000000008020000 0x0000000000000020
onchip_memory    0x0000000008020020 0x000000000001ffe0
*default*        0x0000000000000000 0xffffffffffffffff

Linker script and memory map

LOAD /home/vm/Final-Project-Real-Time-Embedded-Systems/sw/nios/sound_acquisition_bsp//obj/HAL/src/crt0.o
LOAD obj/default/hello_world.o
LOAD /opt/intelFPGA/18.1/nios2eds/bin/gnu/H-x86_64-pc-linux-gnu/bin/../lib/gcc/nios2-elf/5.3.0/../../../../../H-x86_64-pc-linux-gnu/nios2-elf/lib/libstdc++.a
LOAD /opt/intelFPGA/18.1/nios2eds/bin/gnu/H-x86_64-pc-linux-gnu/bin/../lib/gcc/nios2-elf/5.3.0/../../../../../H-x86_64-pc-linux-gnu/nios2-elf/lib/libm.a
LOAD /opt/intelFPGA/18.1/nios2eds/bin/gnu/H-x86_64-pc-linux-gnu/bin/../lib/gcc/nios2-elf/5.3.0/libgcc.a
START GROUP
LOAD /opt/intelFPGA/18.1/nios2eds/bin/gnu/H-x86_64-pc-linux-gnu/bin/../lib/gcc/nios2-elf/5.3.0/../../../../../H-x86_64-pc-linux-gnu/nios2-elf/lib/libc.a
LOAD /opt/intelFPGA/18.1/nios2eds/bin/gnu/H-x86_64-pc-linux-gnu/bin/../lib/gcc/nios2-elf/5.3.0/libgcc.a
LOAD /home/vm/Final-Project-Real-Time-Embedded-Systems/sw/nios/sound_acquisition_bsp//libhal_bsp.a
LOAD /opt/intelFPGA/18.1/nios2eds/bin/gnu/H-x86_64-pc-linux-gnu/bin/../lib/gcc/nios2-elf/5.3.0/../../../../../H-x86_64-pc-linux-gnu/nios2-elf/lib/libm.a
END GROUP
LOAD /opt/intelFPGA/18.1/nios2eds/bin/gnu/H-x86_64-pc-linux-gnu/bin/../lib/gcc/nios2-elf/5.3.0/libgcc.a
                0x0000000004000000                __alt_mem_SDRAM_controller = 0x4000000
                0x0000000008020000                __alt_mem_onchip_memory = 0x8020000

.entry          0x0000000008020000       0x20
 *(.entry)
 .entry         0x0000000008020000       0x20 /home/vm/Final-Project-Real-Time-Embedded-Systems/sw/nios/sound_acquisition_bsp//obj/HAL/src/crt0.o
                0x0000000008020000                __reset

.exceptions     0x0000000008020020      0x228 load address 0x0000000004000000
                0x0000000008020020                PROVIDE (__ram_exceptions_start, ABSOLUTE (.))
                0x0000000008020020                . = ALIGN (0x20)
 *(.irq)
 *(.exceptions.entry.label)
 .exceptions.entry.label
                0x0000000008020020        0x0 /home/vm/Final-Project-Real-Time-Embedded-Systems/sw/nios/sound_acquisition_bsp//libhal_bsp.a(alt_irq_entry.o)
                0x0000000008020020                alt_irq_entry
 .exceptions.entry.label
                0x0000000008020020        0x0 /home/vm/Final-Project-Real-Time-Embedded-Systems/sw/nios/sound_acquisition_bsp//libhal_bsp.a(alt_exception_entry.o)
                0x0000000008020020                alt_exception
 *(.exceptions.entry.user)
 *(.exceptions.entry.ecc_fatal)
 *(.exceptions.entry)
 .exceptions.entry
                0x0000000008020020       0x54 /home/vm/Final-Project-Real-Time-Embedded-Systems/sw/nios/sound_acquisition_bsp//libhal_bsp.a(alt_exception_entry.o)
 *(.exceptions.irqtest.user)
 *(.exceptions.irqtest)
 .exceptions.irqtest
                0x0000000008020074       0x10 /home/vm/Final-Project-Real-Time-Embedded-Systems/sw/nios/sound_acquisition_bsp//libhal_bsp.a(alt_irq_entry.o)
 *(.exceptions.irqhandler.user)
 *(.exceptions.irqhandler)
 .exceptions.irqhandler
                0x0000000008020084        0x4 /home/vm/Final-Project-Real-Time-Embedded-Systems/sw/nios/sound_acquisition_bsp//libhal_bsp.a(alt_irq_entry.o)
 *(.exceptions.irqreturn.user)
 *(.exceptions.irqreturn)
 .exceptions.irqreturn
                0x0000000008020088        0x4 /home/vm/Final-Project-Real-Time-Embedded-Systems/sw/nios/sound_acquisition_bsp//libhal_bsp.a(alt_irq_entry.o)
 *(.exceptions.notirq.label)
 .exceptions.notirq.label
                0x000000000802008c        0x0 /home/vm/Final-Project-Real-Time-Embedded-Systems/sw/nios/sound_acquisition_bsp//libhal_bsp.a(alt_irq_entry.o)
 *(.exceptions.notirq.user)
 *(.exceptions.notirq)
 .exceptions.notirq
                0x000000000802008c        0x8 /home/vm/Final-Project-Real-Time-Embedded-Systems/sw/nios/sound_acquisition_bsp//libhal_bsp.a(alt_exception_entry.o)
 *(.exceptions.soft.user)
 *(.exceptions.soft)
 *(.exceptions.unknown.user)
 *(.exceptions.unknown)
 .exceptions.unknown
                0x0000000008020094       0x14 /home/vm/Final-Project-Real-Time-Embedded-Systems/sw/nios/sound_acquisition_bsp//libhal_bsp.a(alt_exception_entry.o)
 *(.exceptions.exit.label)
 .exceptions.exit.label
                0x00000000080200a8        0x0 /home/vm/Final-Project-Real-Time-Embedded-Systems/sw/nios/sound_acquisition_bsp//libhal_bsp.a(alt_irq_entry.o)
 .exceptions.exit.label
                0x00000000080200a8        0x0 /home/vm/Final-Project-Real-Time-Embedded-Systems/sw/nios/sound_acquisition_bsp//libhal_bsp.a(alt_exception_entry.o)
 *(.exceptions.exit.user)
 *(.exceptions.exit)
 .exceptions.exit
                0x00000000080200a8       0x54 /home/vm/Final-Project-Real-Time-Embedded-Systems/sw/nios/sound_acquisition_bsp//libhal_bsp.a(alt_exception_entry.o)
 *(.exceptions)
 .exceptions    0x00000000080200fc       0xd8 /home/vm/Final-Project-Real-Time-Embedded-Systems/sw/nios/sound_acquisition_bsp//libhal_bsp.a(alt_irq_handler.o)
                0x00000000080200fc                alt_irq_handler
 .exceptions    0x00000000080201d4       0x74 /home/vm/Final-Project-Real-Time-Embedded-Systems/sw/nios/sound_acquisition_bsp//libhal_bsp.a(alt_instruction_exception_entry.o)
                0x00000000080201d4                alt_instruction_exception_entry
                0x0000000008020248                PROVIDE (__ram_exceptions_end, ABSOLUTE (.))
                0x0000000004000000                PROVIDE (__flash_exceptions_start, LOADADDR (.exceptions))

.text           0x0000000004000228     0x60a4
                [!provide]                        PROVIDE (stext, ABSOLUTE (.))
 *(.interp)
 *(.hash)
 *(.dynsym)
 *(.dynstr)
 *(.gnu.version)
 *(.gnu.version_d)
 *(.gnu.version_r)
 *(.rel.init)
 *(.rela.init)
 *(.rel.text .rel.text.* .rel.gnu.linkonce.t.*)
 *(.rela.text .rela.text.* .rela.gnu.linkonce.t.*)
 *(.rel.fini)
 *(.rela.fini)
 *(.rel.rodata .rel.rodata.* .rel.gnu.linkonce.r.*)
 *(.rela.rodata .rela.rodata.* .rela.gnu.linkonce.r.*)
 *(.rel.data .rel.data.* .rel.gnu.linkonce.d.*)
 *(.rela.data .rela.data.* .rela.gnu.linkonce.d.*)
 *(.rel.tdata .rel.tdata.* .rel.gnu.linkonce.td.*)
 *(.rela.tdata .rela.tdata.* .rela.gnu.linkonce.td.*)
 *(.rel.tbss .rel.tbss.* .rel.gnu.linkonce.tb.*)
 *(.rela.tbss .rela.tbss.* .rela.gnu.linkonce.tb.*)
 *(.rel.ctors)
 *(.rela.ctors)
 *(.rel.dtors)
 *(.rela.dtors)
 *(.rel.got)
 *(.rela.got)
 *(.rel.sdata .rel.sdata.* .rel.gnu.linkonce.s.*)
 *(.rela.sdata .rela.sdata.* .rela.gnu.linkonce.s.*)
 *(.rel.sbss .rel.sbss.* .rel.gnu.linkonce.sb.*)
 *(.rela.sbss .rela.sbss.* .rela.gnu.linkonce.sb.*)
 *(.rel.sdata2 .rel.sdata2.* .rel.gnu.linkonce.s2.*)
 *(.rela.sdata2 .rela.sdata2.* .rela.gnu.linkonce.s2.*)
 *(.rel.sbss2 .rel.sbss2.* .rel.gnu.linkonce.sb2.*)
 *(.rela.sbss2 .rela.sbss2.* .rela.gnu.linkonce.sb2.*)
 *(.rel.bss .rel.bss.* .rel.gnu.linkonce.b.*)
 *(.rela.bss .rela.bss.* .rela.gnu.linkonce.b.*)
 *(.rel.plt)
 *(.rela.plt)
 *(.rel.dyn)
 *(.init)
 *(.plt)
 *(.text .stub .text.* .gnu.linkonce.t.*)
 .text          0x0000000004000228       0x4c /home/vm/Final-Project-Real-Time-Embedded-Systems/sw/nios/sound_acquisition_bsp//obj/HAL/src/crt0.o
                0x0000000004000228                _start
 .text          0x0000000004000274       0x34 obj/default/hello_world.o
                0x0000000004000274                main
 .text          0x00000000040002a8        0x0 /opt/intelFPGA/18.1/nios2eds/bin/gnu/H-x86_64-pc-linux-gnu/bin/../lib/gcc/nios2-elf/5.3.0/../../../../../H-x86_64-pc-linux-gnu/nios2-elf/lib/libc.a(lib_a-puts.o)
 .text._puts_r  0x00000000040002a8       0xc0 /opt/intelFPGA/18.1/nios2eds/bin/gnu/H-x86_64-pc-linux-gnu/bin/../lib/gcc/nios2-elf/5.3.0/../../../../../H-x86_64-pc-linux-gnu/nios2-elf/lib/libc.a(lib_a-puts.o)
                0x00000000040002a8                _puts_r
 .text.puts     0x0000000004000368       0x14 /opt/intelFPGA/18.1/nios2eds/bin/gnu/H-x86_64-pc-linux-gnu/bin/../lib/gcc/nios2-elf/5.3.0/../../../../../H-x86_64-pc-linux-gnu/nios2-elf/lib/libc.a(lib_a-puts.o)
                0x0000000004000368                puts
 .text          0x000000000400037c        0x0 /opt/intelFPGA/18.1/nios2eds/bin/gnu/H-x86_64-pc-linux-gnu/bin/../lib/gcc/nios2-elf/5.3.0/../../../../../H-x86_64-pc-linux-gnu/nios2-elf/lib/libc.a(lib_a-strlen.o)
 .text.strlen   0x000000000400037c       0x98 /opt/intelFPGA/18.1/nios2eds/bin/gnu/H-x86_64-pc-linux-gnu/bin/../lib/gcc/nios2-elf/5.3.0/../../../../../H-x86_64-pc-linux-gnu/nios2-elf/lib/libc.a(lib_a-strlen.o)
                0x000000000400037c                strlen
 .text          0x0000000004000414        0x0 /opt/intelFPGA/18.1/nios2eds/bin/gnu/H-x86_64-pc-linux-gnu/bin/../lib/gcc/nios2-elf/5.3.0/../../../../../H-x86_64-pc-linux-gnu/nios2-elf/lib/libc.a(lib_a-findfp.o)
 .text.__fp_unlock
                0x0000000004000414        0x8 /opt/intelFPGA/18.1/nios2eds/bin/gnu/H-x86_64-pc-linux-gnu/bin/../lib/gcc/nios2-elf/5.3.0/../../../../../H-x86_64-pc-linux-gnu/nios2-elf/lib/libc.a(lib_a-findfp.o)
 .text._cleanup_r
                0x000000000400041c        0xc /opt/intelFPGA/18.1/nios2eds/bin/gnu/H-x86_64-pc-linux-gnu/bin/../lib/gcc/nios2-elf/5.3.0/../../../../../H-x86_64-pc-linux-gnu/nios2-elf/lib/libc.a(lib_a-findfp.o)
                0x000000000400041c                _cleanup_r
 .text.__sinit.part.1
                0x0000000004000428      0x19c /opt/intelFPGA/18.1/nios2eds/bin/gnu/H-x86_64-pc-linux-gnu/bin/../lib/gcc/nios2-elf/5.3.0/../../../../../H-x86_64-pc-linux-gnu/nios2-elf/lib/libc.a(lib_a-findfp.o)
 .text.__fp_lock
                0x00000000040005c4        0x8 /opt/intelFPGA/18.1/nios2eds/bin/gnu/H-x86_64-pc-linux-gnu/bin/../lib/gcc/nios2-elf/5.3.0/../../../../../H-x86_64-pc-linux-gnu/nios2-elf/lib/libc.a(lib_a-findfp.o)
 .text.__sfmoreglue
                0x00000000040005cc       0x68 /opt/intelFPGA/18.1/nios2eds/bin/gnu/H-x86_64-pc-linux-gnu/bin/../lib/gcc/nios2-elf/5.3.0/../../../../../H-x86_64-pc-linux-gnu/nios2-elf/lib/libc.a(lib_a-findfp.o)
                0x00000000040005cc                __sfmoreglue
 .text.__sfp    0x0000000004000634      0x118 /opt/intelFPGA/18.1/nios2eds/bin/gnu/H-x86_64-pc-linux-gnu/bin/../lib/gcc/nios2-elf/5.3.0/../../../../../H-x86_64-pc-linux-gnu/nios2-elf/lib/libc.a(lib_a-findfp.o)
                0x0000000004000634                __sfp
 .text._cleanup
                0x000000000400074c       0x18 /opt/intelFPGA/18.1/nios2eds/bin/gnu/H-x86_64-pc-linux-gnu/bin/../lib/gcc/nios2-elf/5.3.0/../../../../../H-x86_64-pc-linux-gnu/nios2-elf/lib/libc.a(lib_a-findfp.o)
                0x000000000400074c                _cleanup
 .text.__sinit  0x0000000004000764       0x10 /opt/intelFPGA/18.1/nios2eds/bin/gnu/H-x86_64-pc-linux-gnu/bin/../lib/gcc/nios2-elf/5.3.0/../../../../../H-x86_64-pc-linux-gnu/nios2-elf/lib/libc.a(lib_a-findfp.o)
                0x0000000004000764                __sinit
 .text.__sfp_lock_acquire
                0x0000000004000774        0x4 /opt/intelFPGA/18.1/nios2eds/bin/gnu/H-x86_64-pc-linux-gnu/bin/../lib/gcc/nios2-elf/5.3.0/../../../../../H-x86_64-pc-linux-gnu/nios2-elf/lib/libc.a(lib_a-findfp.o)
                0x0000000004000774                __sfp_lock_acquire
 .text.__sfp_lock_release
                0x0000000004000778        0x4 /opt/intelFPGA/18.1/nios2eds/bin/gnu/H-x86_64-pc-linux-gnu/bin/../lib/gcc/nios2-elf/5.3.0/../../../../../H-x86_64-pc-linux-gnu/nios2-elf/lib/libc.a(lib_a-findfp.o)
                0x0000000004000778                __sfp_lock_release
 .text.__sinit_lock_acquire
                0x000000000400077c        0x4 /opt/intelFPGA/18.1/nios2eds/bin/gnu/H-x86_64-pc-linux-gnu/bin/../lib/gcc/nios2-elf/5.3.0/../../../../../H-x86_64-pc-linux-gnu/nios2-elf/lib/libc.a(lib_a-findfp.o)
                0x000000000400077c                __sinit_lock_acquire
 .text.__sinit_lock_release
                0x0000000004000780        0x4 /opt/intelFPGA/18.1/nios2eds/bin/gnu/H-x86_64-pc-linux-gnu/bin/../lib/gcc/nios2-elf/5.3.0/../../../../../H-x86_64-pc-linux-gnu/nios2-elf/lib/libc.a(lib_a-findfp.o)
                0x0000000004000780                __sinit_lock_release
 .text.__fp_lock_all
                0x0000000004000784       0x18 /opt/intelFPGA/18.1/nios2eds/bin/gnu/H-x86_64-pc-linux-gnu/bin/../lib/gcc/nios2-elf/5.3.0/../../../../../H-x86_64-pc-linux-gnu/nios2-elf/lib/libc.a(lib_a-findfp.o)
                0x0000000004000784                __fp_lock_all
 .text.__fp_unlock_all
                0x000000000400079c       0x18 /opt/intelFPGA/18.1/nios2eds/bin/gnu/H-x86_64-pc-linux-gnu/bin/../lib/gcc/nios2-elf/5.3.0/../../../../../H-x86_64-pc-linux-gnu/nios2-elf/lib/libc.a(lib_a-findfp.o)
                0x000000000400079c                __fp_unlock_all
 .text          0x00000000040007b4        0x0 /opt/intelFPGA/18.1/nios2eds/bin/gnu/H-x86_64-pc-linux-gnu/bin/../lib/gcc/nios2-elf/5.3.0/../../../../../H-x86_64-pc-linux-gnu/nios2-elf/lib/libc.a(lib_a-fvwrite.o)
 .text.__sfvwrite_r
                0x00000000040007b4      0x4bc /opt/intelFPGA/18.1/nios2eds/bin/gnu/H-x86_64-pc-linux-gnu/bin/../lib/gcc/nios2-elf/5.3.0/../../../../../H-x86_64-pc-linux-gnu/nios2-elf/lib/libc.a(lib_a-fvwrite.o)
                0x00000000040007b4                __sfvwrite_r
 .text          0x0000000004000c70        0x0 /opt/intelFPGA/18.1/nios2eds/bin/gnu/H-x86_64-pc-linux-gnu/bin/../lib/gcc/nios2-elf/5.3.0/../../../../../H-x86_64-pc-linux-gnu/nios2-elf/lib/libc.a(lib_a-fwalk.o)
 .text._fwalk   0x0000000004000c70       0xc4 /opt/intelFPGA/18.1/nios2eds/bin/gnu/H-x86_64-pc-linux-gnu/bin/../lib/gcc/nios2-elf/5.3.0/../../../../../H-x86_64-pc-linux-gnu/nios2-elf/lib/libc.a(lib_a-fwalk.o)
                0x0000000004000c70                _fwalk
 .text._fwalk_reent
                0x0000000004000d34       0xc4 /opt/intelFPGA/18.1/nios2eds/bin/gnu/H-x86_64-pc-linux-gnu/bin/../lib/gcc/nios2-elf/5.3.0/../../../../../H-x86_64-pc-linux-gnu/nios2-elf/lib/libc.a(lib_a-fwalk.o)
                0x0000000004000d34                _fwalk_reent
 .text          0x0000000004000df8        0x0 /opt/intelFPGA/18.1/nios2eds/bin/gnu/H-x86_64-pc-linux-gnu/bin/../lib/gcc/nios2-elf/5.3.0/../../../../../H-x86_64-pc-linux-gnu/nios2-elf/lib/libc.a(lib_a-impure.o)
 .text          0x0000000004000df8        0x0 /opt/intelFPGA/18.1/nios2eds/bin/gnu/H-x86_64-pc-linux-gnu/bin/../lib/gcc/nios2-elf/5.3.0/../../../../../H-x86_64-pc-linux-gnu/nios2-elf/lib/libc.a(lib_a-mallocr.o)
 .text._malloc_r
                0x0000000004000df8      0x80c /opt/intelFPGA/18.1/nios2eds/bin/gnu/H-x86_64-pc-linux-gnu/bin/../lib/gcc/nios2-elf/5.3.0/../../../../../H-x86_64-pc-linux-gnu/nios2-elf/lib/libc.a(lib_a-mallocr.o)
                0x0000000004000df8                _malloc_r
 .text          0x0000000004001604        0x0 /opt/intelFPGA/18.1/nios2eds/bin/gnu/H-x86_64-pc-linux-gnu/bin/../lib/gcc/nios2-elf/5.3.0/../../../../../H-x86_64-pc-linux-gnu/nios2-elf/lib/libc.a(lib_a-memchr.o)
 .text.memchr   0x0000000004001604       0xe4 /opt/intelFPGA/18.1/nios2eds/bin/gnu/H-x86_64-pc-linux-gnu/bin/../lib/gcc/nios2-elf/5.3.0/../../../../../H-x86_64-pc-linux-gnu/nios2-elf/lib/libc.a(lib_a-memchr.o)
                0x0000000004001604                memchr
 .text          0x00000000040016e8        0x0 /opt/intelFPGA/18.1/nios2eds/bin/gnu/H-x86_64-pc-linux-gnu/bin/../lib/gcc/nios2-elf/5.3.0/../../../../../H-x86_64-pc-linux-gnu/nios2-elf/lib/libc.a(lib_a-memcpy.o)
 .text.memcpy   0x00000000040016e8      0x148 /opt/intelFPGA/18.1/nios2eds/bin/gnu/H-x86_64-pc-linux-gnu/bin/../lib/gcc/nios2-elf/5.3.0/../../../../../H-x86_64-pc-linux-gnu/nios2-elf/lib/libc.a(lib_a-memcpy.o)
                0x00000000040016e8                memcpy
 .text          0x0000000004001830        0x0 /opt/intelFPGA/18.1/nios2eds/bin/gnu/H-x86_64-pc-linux-gnu/bin/../lib/gcc/nios2-elf/5.3.0/../../../../../H-x86_64-pc-linux-gnu/nios2-elf/lib/libc.a(lib_a-memmove.o)
 .text.memmove  0x0000000004001830      0x15c /opt/intelFPGA/18.1/nios2eds/bin/gnu/H-x86_64-pc-linux-gnu/bin/../lib/gcc/nios2-elf/5.3.0/../../../../../H-x86_64-pc-linux-gnu/nios2-elf/lib/libc.a(lib_a-memmove.o)
                0x0000000004001830                memmove
 .text          0x000000000400198c        0x0 /opt/intelFPGA/18.1/nios2eds/bin/gnu/H-x86_64-pc-linux-gnu/bin/../lib/gcc/nios2-elf/5.3.0/../../../../../H-x86_64-pc-linux-gnu/nios2-elf/lib/libc.a(lib_a-memset.o)
 .text.memset   0x000000000400198c      0x128 /opt/intelFPGA/18.1/nios2eds/bin/gnu/H-x86_64-pc-linux-gnu/bin/../lib/gcc/nios2-elf/5.3.0/../../../../../H-x86_64-pc-linux-gnu/nios2-elf/lib/libc.a(lib_a-memset.o)
                0x000000000400198c                memset
 .text          0x0000000004001ab4        0x0 /opt/intelFPGA/18.1/nios2eds/bin/gnu/H-x86_64-pc-linux-gnu/bin/../lib/gcc/nios2-elf/5.3.0/../../../../../H-x86_64-pc-linux-gnu/nios2-elf/lib/libc.a(lib_a-reallocr.o)
 .text._realloc_r
                0x0000000004001ab4      0x564 /opt/intelFPGA/18.1/nios2eds/bin/gnu/H-x86_64-pc-linux-gnu/bin/../lib/gcc/nios2-elf/5.3.0/../../../../../H-x86_64-pc-linux-gnu/nios2-elf/lib/libc.a(lib_a-reallocr.o)
                0x0000000004001ab4                _realloc_r
 .text          0x0000000004002018        0x0 /opt/intelFPGA/18.1/nios2eds/bin/gnu/H-x86_64-pc-linux-gnu/bin/../lib/gcc/nios2-elf/5.3.0/../../../../../H-x86_64-pc-linux-gnu/nios2-elf/lib/libc.a(lib_a-sbrkr.o)
 .text._sbrk_r  0x0000000004002018       0x54 /opt/intelFPGA/18.1/nios2eds/bin/gnu/H-x86_64-pc-linux-gnu/bin/../lib/gcc/nios2-elf/5.3.0/../../../../../H-x86_64-pc-linux-gnu/nios2-elf/lib/libc.a(lib_a-sbrkr.o)
                0x0000000004002018                _sbrk_r
 .text          0x000000000400206c        0x0 /opt/intelFPGA/18.1/nios2eds/bin/gnu/H-x86_64-pc-linux-gnu/bin/../lib/gcc/nios2-elf/5.3.0/../../../../../H-x86_64-pc-linux-gnu/nios2-elf/lib/libc.a(lib_a-stdio.o)
 .text.__sread  0x000000000400206c       0x54 /opt/intelFPGA/18.1/nios2eds/bin/gnu/H-x86_64-pc-linux-gnu/bin/../lib/gcc/nios2-elf/5.3.0/../../../../../H-x86_64-pc-linux-gnu/nios2-elf/lib/libc.a(lib_a-stdio.o)
                0x000000000400206c                __sread
 .text.__seofread
                0x00000000040020c0        0x8 /opt/intelFPGA/18.1/nios2eds/bin/gnu/H-x86_64-pc-linux-gnu/bin/../lib/gcc/nios2-elf/5.3.0/../../../../../H-x86_64-pc-linux-gnu/nios2-elf/lib/libc.a(lib_a-stdio.o)
                0x00000000040020c0                __seofread
 .text.__swrite
                0x00000000040020c8       0x7c /opt/intelFPGA/18.1/nios2eds/bin/gnu/H-x86_64-pc-linux-gnu/bin/../lib/gcc/nios2-elf/5.3.0/../../../../../H-x86_64-pc-linux-gnu/nios2-elf/lib/libc.a(lib_a-stdio.o)
                0x00000000040020c8                __swrite
 .text.__sseek  0x0000000004002144       0x5c /opt/intelFPGA/18.1/nios2eds/bin/gnu/H-x86_64-pc-linux-gnu/bin/../lib/gcc/nios2-elf/5.3.0/../../../../../H-x86_64-pc-linux-gnu/nios2-elf/lib/libc.a(lib_a-stdio.o)
                0x0000000004002144                __sseek
 .text.__sclose
                0x00000000040021a0        0x8 /opt/intelFPGA/18.1/nios2eds/bin/gnu/H-x86_64-pc-linux-gnu/bin/../lib/gcc/nios2-elf/5.3.0/../../../../../H-x86_64-pc-linux-gnu/nios2-elf/lib/libc.a(lib_a-stdio.o)
                0x00000000040021a0                __sclose
 .text          0x00000000040021a8        0x0 /opt/intelFPGA/18.1/nios2eds/bin/gnu/H-x86_64-pc-linux-gnu/bin/../lib/gcc/nios2-elf/5.3.0/../../../../../H-x86_64-pc-linux-gnu/nios2-elf/lib/libc.a(lib_a-writer.o)
 .text._write_r
                0x00000000040021a8       0x60 /opt/intelFPGA/18.1/nios2eds/bin/gnu/H-x86_64-pc-linux-gnu/bin/../lib/gcc/nios2-elf/5.3.0/../../../../../H-x86_64-pc-linux-gnu/nios2-elf/lib/libc.a(lib_a-writer.o)
                0x00000000040021a8                _write_r
 .text          0x0000000004002208        0x0 /opt/intelFPGA/18.1/nios2eds/bin/gnu/H-x86_64-pc-linux-gnu/bin/../lib/gcc/nios2-elf/5.3.0/../../../../../H-x86_64-pc-linux-gnu/nios2-elf/lib/libc.a(lib_a-wsetup.o)
 .text.__swsetup_r
                0x0000000004002208      0x154 /opt/intelFPGA/18.1/nios2eds/bin/gnu/H-x86_64-pc-linux-gnu/bin/../lib/gcc/nios2-elf/5.3.0/../../../../../H-x86_64-pc-linux-gnu/nios2-elf/lib/libc.a(lib_a-wsetup.o)
                0x0000000004002208                __swsetup_r
 .text          0x000000000400235c        0x0 /opt/intelFPGA/18.1/nios2eds/bin/gnu/H-x86_64-pc-linux-gnu/bin/../lib/gcc/nios2-elf/5.3.0/../../../../../H-x86_64-pc-linux-gnu/nios2-elf/lib/libc.a(closer.o)
 .text._close_r
                0x000000000400235c       0x54 /opt/intelFPGA/18.1/nios2eds/bin/gnu/H-x86_64-pc-linux-gnu/bin/../lib/gcc/nios2-elf/5.3.0/../../../../../H-x86_64-pc-linux-gnu/nios2-elf/lib/libc.a(closer.o)
                0x000000000400235c                _close_r
 .text          0x00000000040023b0        0x0 /opt/intelFPGA/18.1/nios2eds/bin/gnu/H-x86_64-pc-linux-gnu/bin/../lib/gcc/nios2-elf/5.3.0/../../../../../H-x86_64-pc-linux-gnu/nios2-elf/lib/libc.a(lib_a-fclose.o)
 .text._fclose_r
                0x00000000040023b0       0xf0 /opt/intelFPGA/18.1/nios2eds/bin/gnu/H-x86_64-pc-linux-gnu/bin/../lib/gcc/nios2-elf/5.3.0/../../../../../H-x86_64-pc-linux-gnu/nios2-elf/lib/libc.a(lib_a-fclose.o)
                0x00000000040023b0                _fclose_r
 .text.fclose   0x00000000040024a0       0x14 /opt/intelFPGA/18.1/nios2eds/bin/gnu/H-x86_64-pc-linux-gnu/bin/../lib/gcc/nios2-elf/5.3.0/../../../../../H-x86_64-pc-linux-gnu/nios2-elf/lib/libc.a(lib_a-fclose.o)
                0x00000000040024a0                fclose
 .text          0x00000000040024b4        0x0 /opt/intelFPGA/18.1/nios2eds/bin/gnu/H-x86_64-pc-linux-gnu/bin/../lib/gcc/nios2-elf/5.3.0/../../../../../H-x86_64-pc-linux-gnu/nios2-elf/lib/libc.a(lib_a-fflush.o)
 .text.__sflush_r
                0x00000000040024b4      0x21c /opt/intelFPGA/18.1/nios2eds/bin/gnu/H-x86_64-pc-linux-gnu/bin/../lib/gcc/nios2-elf/5.3.0/../../../../../H-x86_64-pc-linux-gnu/nios2-elf/lib/libc.a(lib_a-fflush.o)
                0x00000000040024b4                __sflush_r
 .text._fflush_r
                0x00000000040026d0       0x5c /opt/intelFPGA/18.1/nios2eds/bin/gnu/H-x86_64-pc-linux-gnu/bin/../lib/gcc/nios2-elf/5.3.0/../../../../../H-x86_64-pc-linux-gnu/nios2-elf/lib/libc.a(lib_a-fflush.o)
                0x00000000040026d0                _fflush_r
 .text.fflush   0x000000000400272c       0x30 /opt/intelFPGA/18.1/nios2eds/bin/gnu/H-x86_64-pc-linux-gnu/bin/../lib/gcc/nios2-elf/5.3.0/../../../../../H-x86_64-pc-linux-gnu/nios2-elf/lib/libc.a(lib_a-fflush.o)
                0x000000000400272c                fflush
 .text          0x000000000400275c        0x0 /opt/intelFPGA/18.1/nios2eds/bin/gnu/H-x86_64-pc-linux-gnu/bin/../lib/gcc/nios2-elf/5.3.0/../../../../../H-x86_64-pc-linux-gnu/nios2-elf/lib/libc.a(lib_a-freer.o)
 .text._malloc_trim_r
                0x000000000400275c      0x124 /opt/intelFPGA/18.1/nios2eds/bin/gnu/H-x86_64-pc-linux-gnu/bin/../lib/gcc/nios2-elf/5.3.0/../../../../../H-x86_64-pc-linux-gnu/nios2-elf/lib/libc.a(lib_a-freer.o)
                0x000000000400275c                _malloc_trim_r
 .text._free_r  0x0000000004002880      0x310 /opt/intelFPGA/18.1/nios2eds/bin/gnu/H-x86_64-pc-linux-gnu/bin/../lib/gcc/nios2-elf/5.3.0/../../../../../H-x86_64-pc-linux-gnu/nios2-elf/lib/libc.a(lib_a-freer.o)
                0x0000000004002880                _free_r
 .text          0x0000000004002b90        0x0 /opt/intelFPGA/18.1/nios2eds/bin/gnu/H-x86_64-pc-linux-gnu/bin/../lib/gcc/nios2-elf/5.3.0/../../../../../H-x86_64-pc-linux-gnu/nios2-elf/lib/libc.a(lib_a-int_errno.o)
 .text          0x0000000004002b90        0x0 /opt/intelFPGA/18.1/nios2eds/bin/gnu/H-x86_64-pc-linux-gnu/bin/../lib/gcc/nios2-elf/5.3.0/../../../../../H-x86_64-pc-linux-gnu/nios2-elf/lib/libc.a(lib_a-lseekr.o)
 .text._lseek_r
                0x0000000004002b90       0x60 /opt/intelFPGA/18.1/nios2eds/bin/gnu/H-x86_64-pc-linux-gnu/bin/../lib/gcc/nios2-elf/5.3.0/../../../../../H-x86_64-pc-linux-gnu/nios2-elf/lib/libc.a(lib_a-lseekr.o)
                0x0000000004002b90                _lseek_r
 .text          0x0000000004002bf0        0x0 /opt/intelFPGA/18.1/nios2eds/bin/gnu/H-x86_64-pc-linux-gnu/bin/../lib/gcc/nios2-elf/5.3.0/../../../../../H-x86_64-pc-linux-gnu/nios2-elf/lib/libc.a(lib_a-makebuf.o)
 .text.__smakebuf_r
                0x0000000004002bf0      0x1bc /opt/intelFPGA/18.1/nios2eds/bin/gnu/H-x86_64-pc-linux-gnu/bin/../lib/gcc/nios2-elf/5.3.0/../../../../../H-x86_64-pc-linux-gnu/nios2-elf/lib/libc.a(lib_a-makebuf.o)
                0x0000000004002bf0                __smakebuf_r
 .text          0x0000000004002dac        0x0 /opt/intelFPGA/18.1/nios2eds/bin/gnu/H-x86_64-pc-linux-gnu/bin/../lib/gcc/nios2-elf/5.3.0/../../../../../H-x86_64-pc-linux-gnu/nios2-elf/lib/libc.a(lib_a-readr.o)
 .text._read_r  0x0000000004002dac       0x60 /opt/intelFPGA/18.1/nios2eds/bin/gnu/H-x86_64-pc-linux-gnu/bin/../lib/gcc/nios2-elf/5.3.0/../../../../../H-x86_64-pc-linux-gnu/nios2-elf/lib/libc.a(lib_a-readr.o)
                0x0000000004002dac                _read_r
 .text          0x0000000004002e0c        0x0 /opt/intelFPGA/18.1/nios2eds/bin/gnu/H-x86_64-pc-linux-gnu/bin/../lib/gcc/nios2-elf/5.3.0/../../../../../H-x86_64-pc-linux-gnu/nios2-elf/lib/libc.a(lib_a-fstatr.o)
 .text._fstat_r
                0x0000000004002e0c       0x5c /opt/intelFPGA/18.1/nios2eds/bin/gnu/H-x86_64-pc-linux-gnu/bin/../lib/gcc/nios2-elf/5.3.0/../../../../../H-x86_64-pc-linux-gnu/nios2-elf/lib/libc.a(lib_a-fstatr.o)
                0x0000000004002e0c                _fstat_r
 .text          0x0000000004002e68        0x0 /opt/intelFPGA/18.1/nios2eds/bin/gnu/H-x86_64-pc-linux-gnu/bin/../lib/gcc/nios2-elf/5.3.0/../../../../../H-x86_64-pc-linux-gnu/nios2-elf/lib/libc.a(lib_a-isattyr.o)
 .text._isatty_r
                0x0000000004002e68       0x54 /opt/intelFPGA/18.1/nios2eds/bin/gnu/H-x86_64-pc-linux-gnu/bin/../lib/gcc/nios2-elf/5.3.0/../../../../../H-x86_64-pc-linux-gnu/nios2-elf/lib/libc.a(lib_a-isattyr.o)
                0x0000000004002e68                _isatty_r
 .text          0x0000000004002ebc      0x1b4 /opt/intelFPGA/18.1/nios2eds/bin/gnu/H-x86_64-pc-linux-gnu/bin/../lib/gcc/nios2-elf/5.3.0/libgcc.a(lib2-divmod.o)
                0x0000000004002ebc                __divsi3
                0x0000000004002f40                __modsi3
                0x0000000004002fb4                __udivsi3
                0x0000000004003018                __umodsi3
 .text          0x0000000004003070      0x10c /home/vm/Final-Project-Real-Time-Embedded-Systems/sw/nios/sound_acquisition_bsp//libhal_bsp.a(alt_close.o)
                0x00000000040030ac                close
 .text          0x000000000400317c       0x2c /home/vm/Final-Project-Real-Time-Embedded-Systems/sw/nios/sound_acquisition_bsp//libhal_bsp.a(alt_dev.o)
 .text          0x00000000040031a8        0x0 /home/vm/Final-Project-Real-Time-Embedded-Systems/sw/nios/sound_acquisition_bsp//libhal_bsp.a(alt_errno.o)
 .text          0x00000000040031a8       0xec /home/vm/Final-Project-Real-Time-Embedded-Systems/sw/nios/sound_acquisition_bsp//libhal_bsp.a(alt_fstat.o)
                0x00000000040031e4                fstat
 .text          0x0000000004003294       0xe0 /home/vm/Final-Project-Real-Time-Embedded-Systems/sw/nios/sound_acquisition_bsp//libhal_bsp.a(alt_isatty.o)
                0x00000000040032d0                isatty
 .text          0x0000000004003374       0xec /home/vm/Final-Project-Real-Time-Embedded-Systems/sw/nios/sound_acquisition_bsp//libhal_bsp.a(alt_load.o)
                0x00000000040033dc                alt_load
 .text          0x0000000004003460      0x110 /home/vm/Final-Project-Real-Time-Embedded-Systems/sw/nios/sound_acquisition_bsp//libhal_bsp.a(alt_lseek.o)
                0x000000000400349c                lseek
 .text          0x0000000004003570       0x7c /home/vm/Final-Project-Real-Time-Embedded-Systems/sw/nios/sound_acquisition_bsp//libhal_bsp.a(alt_main.o)
                0x0000000004003570                alt_main
 .text          0x00000000040035ec       0x48 /home/vm/Final-Project-Real-Time-Embedded-Systems/sw/nios/sound_acquisition_bsp//libhal_bsp.a(alt_malloc_lock.o)
                0x00000000040035ec                __malloc_lock
                0x0000000004003610                __malloc_unlock
 .text          0x0000000004003634      0x138 /home/vm/Final-Project-Real-Time-Embedded-Systems/sw/nios/sound_acquisition_bsp//libhal_bsp.a(alt_read.o)
                0x0000000004003670                read
 .text          0x000000000400376c       0x64 /home/vm/Final-Project-Real-Time-Embedded-Systems/sw/nios/sound_acquisition_bsp//libhal_bsp.a(alt_release_fd.o)
                0x000000000400376c                alt_release_fd
 .text          0x00000000040037d0       0xb0 /home/vm/Final-Project-Real-Time-Embedded-Systems/sw/nios/sound_acquisition_bsp//libhal_bsp.a(alt_sbrk.o)
                0x00000000040037d0                sbrk
 .text          0x0000000004003880      0x134 /home/vm/Final-Project-Real-Time-Embedded-Systems/sw/nios/sound_acquisition_bsp//libhal_bsp.a(alt_write.o)
                0x00000000040038bc                write
 .text          0x00000000040039b4      0x194 /home/vm/Final-Project-Real-Time-Embedded-Systems/sw/nios/sound_acquisition_bsp//libhal_bsp.a(alt_sys_init.o)
                0x0000000004003a8c                alt_irq_init
                0x0000000004003ac4                alt_sys_init
 .text          0x0000000004003b48      0x164 /home/vm/Final-Project-Real-Time-Embedded-Systems/sw/nios/sound_acquisition_bsp//libhal_bsp.a(altera_avalon_jtag_uart_fd.o)
                0x0000000004003b48                altera_avalon_jtag_uart_read_fd
                0x0000000004003ba8                altera_avalon_jtag_uart_write_fd
                0x0000000004003c08                altera_avalon_jtag_uart_close_fd
                0x0000000004003c58                altera_avalon_jtag_uart_ioctl_fd
 .text          0x0000000004003cac      0x3cc /home/vm/Final-Project-Real-Time-Embedded-Systems/sw/nios/sound_acquisition_bsp//libhal_bsp.a(altera_avalon_jtag_uart_init.o)
                0x0000000004003cac                altera_avalon_jtag_uart_init
                0x0000000004004010                altera_avalon_jtag_uart_close
 .text          0x0000000004004078       0xf0 /home/vm/Final-Project-Real-Time-Embedded-Systems/sw/nios/sound_acquisition_bsp//libhal_bsp.a(altera_avalon_jtag_uart_ioctl.o)
                0x0000000004004078                altera_avalon_jtag_uart_ioctl
 .text          0x0000000004004168      0x21c /home/vm/Final-Project-Real-Time-Embedded-Systems/sw/nios/sound_acquisition_bsp//libhal_bsp.a(altera_avalon_jtag_uart_read.o)
                0x0000000004004168                altera_avalon_jtag_uart_read
 .text          0x0000000004004384      0x224 /home/vm/Final-Project-Real-Time-Embedded-Systems/sw/nios/sound_acquisition_bsp//libhal_bsp.a(altera_avalon_jtag_uart_write.o)
                0x0000000004004384                altera_avalon_jtag_uart_write
 .text          0x00000000040045a8      0x938 /home/vm/Final-Project-Real-Time-Embedded-Systems/sw/nios/sound_acquisition_bsp//libhal_bsp.a(altera_avalon_mailbox_simple.o)
                0x0000000004004898                altera_avalon_mailbox_simple_init
                0x0000000004004910                altera_avalon_mailbox_open
                0x0000000004004ad4                altera_avalon_mailbox_close
                0x0000000004004bdc                altera_avalon_mailbox_status
                0x0000000004004c54                altera_avalon_mailbox_send
                0x0000000004004da4                altera_avalon_mailbox_retrieve_poll
 .text          0x0000000004004ee0      0x2cc /home/vm/Final-Project-Real-Time-Embedded-Systems/sw/nios/sound_acquisition_bsp//libhal_bsp.a(altera_avalon_mutex.o)
                0x0000000004004f98                altera_avalon_mutex_open
                0x0000000004004fec                altera_avalon_mutex_close
                0x0000000004005010                altera_avalon_mutex_lock
                0x0000000004005054                altera_avalon_mutex_trylock
                0x0000000004005094                altera_avalon_mutex_unlock
                0x00000000040050e8                altera_avalon_mutex_is_mine
                0x000000000400515c                altera_avalon_mutex_first_lock
 .text          0x00000000040051ac      0x12c /home/vm/Final-Project-Real-Time-Embedded-Systems/sw/nios/sound_acquisition_bsp//libhal_bsp.a(alt_alarm_start.o)
                0x00000000040051ac                alt_alarm_start
 .text          0x00000000040052d8       0x48 /home/vm/Final-Project-Real-Time-Embedded-Systems/sw/nios/sound_acquisition_bsp//libhal_bsp.a(alt_dcache_flush_all.o)
                0x00000000040052d8                alt_dcache_flush_all
 .text          0x0000000004005320       0xe0 /home/vm/Final-Project-Real-Time-Embedded-Systems/sw/nios/sound_acquisition_bsp//libhal_bsp.a(alt_dev_llist_insert.o)
                0x000000000400535c                alt_dev_llist_insert
 .text          0x0000000004005400       0x60 /home/vm/Final-Project-Real-Time-Embedded-Systems/sw/nios/sound_acquisition_bsp//libhal_bsp.a(alt_do_ctors.o)
                0x0000000004005400                _do_ctors
 .text          0x0000000004005460       0x60 /home/vm/Final-Project-Real-Time-Embedded-Systems/sw/nios/sound_acquisition_bsp//libhal_bsp.a(alt_do_dtors.o)
                0x0000000004005460                _do_dtors
 .text          0x00000000040054c0       0x90 /home/vm/Final-Project-Real-Time-Embedded-Systems/sw/nios/sound_acquisition_bsp//libhal_bsp.a(alt_find_dev.o)
                0x00000000040054c0                alt_find_dev
 .text          0x0000000004005550       0x34 /home/vm/Final-Project-Real-Time-Embedded-Systems/sw/nios/sound_acquisition_bsp//libhal_bsp.a(alt_icache_flush_all.o)
                0x0000000004005550                alt_icache_flush_all
 .text          0x0000000004005584      0x140 /home/vm/Final-Project-Real-Time-Embedded-Systems/sw/nios/sound_acquisition_bsp//libhal_bsp.a(alt_io_redirect.o)
                0x0000000004005648                alt_io_redirect
 .text          0x00000000040056c4      0x180 /home/vm/Final-Project-Real-Time-Embedded-Systems/sw/nios/sound_acquisition_bsp//libhal_bsp.a(alt_irq_register.o)
                0x00000000040056c4                alt_irq_register
 .text          0x0000000004005844        0x0 /home/vm/Final-Project-Real-Time-Embedded-Systems/sw/nios/sound_acquisition_bsp//libhal_bsp.a(alt_irq_vars.o)
 .text          0x0000000004005844      0x254 /home/vm/Final-Project-Real-Time-Embedded-Systems/sw/nios/sound_acquisition_bsp//libhal_bsp.a(alt_open.o)
                0x0000000004005944                open
 .text          0x0000000004005a98      0x1a4 /home/vm/Final-Project-Real-Time-Embedded-Systems/sw/nios/sound_acquisition_bsp//libhal_bsp.a(alt_tick.o)
                0x0000000004005a98                alt_alarm_stop
                0x0000000004005b34                alt_tick
 .text          0x0000000004005c3c       0x24 /home/vm/Final-Project-Real-Time-Embedded-Systems/sw/nios/sound_acquisition_bsp//libhal_bsp.a(altera_nios2_gen2_irq.o)
                0x0000000004005c3c                altera_nios2_gen2_irq_init
 .text          0x0000000004005c60      0x108 /home/vm/Final-Project-Real-Time-Embedded-Systems/sw/nios/sound_acquisition_bsp//libhal_bsp.a(alt_find_file.o)
                0x0000000004005c60                alt_find_file
 .text          0x0000000004005d68       0xa4 /home/vm/Final-Project-Real-Time-Embedded-Systems/sw/nios/sound_acquisition_bsp//libhal_bsp.a(alt_get_fd.o)
                0x0000000004005d68                alt_get_fd
 .text          0x0000000004005e0c       0x90 /home/vm/Final-Project-Real-Time-Embedded-Systems/sw/nios/sound_acquisition_bsp//libhal_bsp.a(alt_icache_flush.o)
                0x0000000004005e0c                alt_icache_flush
 .text          0x0000000004005e9c        0x0 /home/vm/Final-Project-Real-Time-Embedded-Systems/sw/nios/sound_acquisition_bsp//libhal_bsp.a(alt_irq_entry.o)
 .text          0x0000000004005e9c        0x0 /home/vm/Final-Project-Real-Time-Embedded-Systems/sw/nios/sound_acquisition_bsp//libhal_bsp.a(alt_irq_handler.o)
 .text          0x0000000004005e9c        0x0 /home/vm/Final-Project-Real-Time-Embedded-Systems/sw/nios/sound_acquisition_bsp//libhal_bsp.a(alt_exception_entry.o)
 .text          0x0000000004005e9c       0x9c /home/vm/Final-Project-Real-Time-Embedded-Systems/sw/nios/sound_acquisition_bsp//libhal_bsp.a(alt_instruction_exception_entry.o)
                0x0000000004005e9c                alt_exception_cause_generated_bad_addr
 .text          0x0000000004005f38        0x0 /opt/intelFPGA/18.1/nios2eds/bin/gnu/H-x86_64-pc-linux-gnu/bin/../lib/gcc/nios2-elf/5.3.0/../../../../../H-x86_64-pc-linux-gnu/nios2-elf/lib/libc.a(lib_a-atexit.o)
 .text.atexit   0x0000000004005f38       0x14 /opt/intelFPGA/18.1/nios2eds/bin/gnu/H-x86_64-pc-linux-gnu/bin/../lib/gcc/nios2-elf/5.3.0/../../../../../H-x86_64-pc-linux-gnu/nios2-elf/lib/libc.a(lib_a-atexit.o)
                0x0000000004005f38                atexit
 .text          0x0000000004005f4c        0x0 /opt/intelFPGA/18.1/nios2eds/bin/gnu/H-x86_64-pc-linux-gnu/bin/../lib/gcc/nios2-elf/5.3.0/../../../../../H-x86_64-pc-linux-gnu/nios2-elf/lib/libc.a(lib_a-exit.o)
 .text.exit     0x0000000004005f4c       0x38 /opt/intelFPGA/18.1/nios2eds/bin/gnu/H-x86_64-pc-linux-gnu/bin/../lib/gcc/nios2-elf/5.3.0/../../../../../H-x86_64-pc-linux-gnu/nios2-elf/lib/libc.a(lib_a-exit.o)
                0x0000000004005f4c                exit
 .text          0x0000000004005f84        0x0 /opt/intelFPGA/18.1/nios2eds/bin/gnu/H-x86_64-pc-linux-gnu/bin/../lib/gcc/nios2-elf/5.3.0/../../../../../H-x86_64-pc-linux-gnu/nios2-elf/lib/libc.a(lib_a-memcmp.o)
 .text.memcmp   0x0000000004005f84       0x7c /opt/intelFPGA/18.1/nios2eds/bin/gnu/H-x86_64-pc-linux-gnu/bin/../lib/gcc/nios2-elf/5.3.0/../../../../../H-x86_64-pc-linux-gnu/nios2-elf/lib/libc.a(lib_a-memcmp.o)
                0x0000000004005f84                memcmp
 .text          0x0000000004006000        0x0 /opt/intelFPGA/18.1/nios2eds/bin/gnu/H-x86_64-pc-linux-gnu/bin/../lib/gcc/nios2-elf/5.3.0/../../../../../H-x86_64-pc-linux-gnu/nios2-elf/lib/libc.a(lib_a-__atexit.o)
 .text.__register_exitproc
                0x0000000004006000      0x118 /opt/intelFPGA/18.1/nios2eds/bin/gnu/H-x86_64-pc-linux-gnu/bin/../lib/gcc/nios2-elf/5.3.0/../../../../../H-x86_64-pc-linux-gnu/nios2-elf/lib/libc.a(lib_a-__atexit.o)
                0x0000000004006000                __register_exitproc
 .text          0x0000000004006118        0x0 /opt/intelFPGA/18.1/nios2eds/bin/gnu/H-x86_64-pc-linux-gnu/bin/../lib/gcc/nios2-elf/5.3.0/../../../../../H-x86_64-pc-linux-gnu/nios2-elf/lib/libc.a(lib_a-__call_atexit.o)
 .text.__call_exitprocs
                0x0000000004006118      0x180 /opt/intelFPGA/18.1/nios2eds/bin/gnu/H-x86_64-pc-linux-gnu/bin/../lib/gcc/nios2-elf/5.3.0/../../../../../H-x86_64-pc-linux-gnu/nios2-elf/lib/libc.a(lib_a-__call_atexit.o)
                0x0000000004006118                __call_exitprocs
 .text          0x0000000004006298       0x34 /home/vm/Final-Project-Real-Time-Embedded-Systems/sw/nios/sound_acquisition_bsp//libhal_bsp.a(alt_exit.o)
                0x0000000004006298                _exit
 *(.gnu.warning.*)
 *(.fini)
                [!provide]                        PROVIDE (__etext, ABSOLUTE (.))
                [!provide]                        PROVIDE (_etext, ABSOLUTE (.))
                [!provide]                        PROVIDE (etext, ABSOLUTE (.))
 *(.eh_frame_hdr)
                0x00000000040062cc                . = ALIGN (0x4)
                [!provide]                        PROVIDE (__preinit_array_start, ABSOLUTE (.))
 *(.preinit_array)
                [!provide]                        PROVIDE (__preinit_array_end, ABSOLUTE (.))
                [!provide]                        PROVIDE (__init_array_start, ABSOLUTE (.))
 *(.init_array)
                [!provide]                        PROVIDE (__init_array_end, ABSOLUTE (.))
                [!provide]                        PROVIDE (__fini_array_start, ABSOLUTE (.))
 *(.fini_array)
                [!provide]                        PROVIDE (__fini_array_end, ABSOLUTE (.))
 *(.eh_frame)
 *(.gcc_except_table .gcc_except_table.*)
 *(.dynamic)
                0x00000000040062cc                PROVIDE (__CTOR_LIST__, ABSOLUTE (.))
 *(.ctors)
 *(SORT(.ctors.*))
                0x00000000040062cc                PROVIDE (__CTOR_END__, ABSOLUTE (.))
                0x00000000040062cc                PROVIDE (__DTOR_LIST__, ABSOLUTE (.))
 *(.dtors)
 *(SORT(.dtors.*))
                0x00000000040062cc                PROVIDE (__DTOR_END__, ABSOLUTE (.))
 *(.jcr)
                0x00000000040062cc                . = ALIGN (0x4)

.rodata         0x00000000040062cc       0xb0
                0x00000000040062cc                PROVIDE (__ram_rodata_start, ABSOLUTE (.))
                0x00000000040062cc                . = ALIGN (0x4)
 *(.rodata .rodata.* .gnu.linkonce.r.*)
 .rodata        0x00000000040062cc       0x15 obj/default/hello_world.o
 *fill*         0x00000000040062e1        0x3 
 .rodata.str1.4
                0x00000000040062e4        0x2 /opt/intelFPGA/18.1/nios2eds/bin/gnu/H-x86_64-pc-linux-gnu/bin/../lib/gcc/nios2-elf/5.3.0/../../../../../H-x86_64-pc-linux-gnu/nios2-elf/lib/libc.a(lib_a-puts.o)
 *fill*         0x00000000040062e6        0x2 
 .rodata.str1.4
                0x00000000040062e8        0x4 /opt/intelFPGA/18.1/nios2eds/bin/gnu/H-x86_64-pc-linux-gnu/bin/../lib/gcc/nios2-elf/5.3.0/../../../../../H-x86_64-pc-linux-gnu/nios2-elf/lib/libc.a(lib_a-impure.o)
                                          0x2 (size before relaxing)
 .rodata        0x00000000040062ec        0xa /home/vm/Final-Project-Real-Time-Embedded-Systems/sw/nios/sound_acquisition_bsp//libhal_bsp.a(alt_dev.o)
 *fill*         0x00000000040062f6        0x2 
 .rodata        0x00000000040062f8       0x11 /home/vm/Final-Project-Real-Time-Embedded-Systems/sw/nios/sound_acquisition_bsp//libhal_bsp.a(alt_main.o)
 *fill*         0x0000000004006309        0x3 
 .rodata        0x000000000400630c       0x6d /home/vm/Final-Project-Real-Time-Embedded-Systems/sw/nios/sound_acquisition_bsp//libhal_bsp.a(alt_sys_init.o)
 *(.rodata1)
                0x000000000400637c                . = ALIGN (0x4)
 *fill*         0x0000000004006379        0x3 
                0x000000000400637c                PROVIDE (__ram_rodata_end, ABSOLUTE (.))
                0x00000000040062cc                PROVIDE (__flash_rodata_start, LOADADDR (.rodata))

.rwdata         0x000000000400637c     0x1b34 load address 0x0000000004007eb0
                0x000000000400637c                PROVIDE (__ram_rwdata_start, ABSOLUTE (.))
                0x000000000400637c                . = ALIGN (0x4)
 *(.got.plt)
 *(.got)
 *(.data1)
 *(.data .data.* .gnu.linkonce.d.*)
 .data          0x000000000400637c        0x0 /home/vm/Final-Project-Real-Time-Embedded-Systems/sw/nios/sound_acquisition_bsp//obj/HAL/src/crt0.o
 .data          0x000000000400637c        0x0 obj/default/hello_world.o
 .data          0x000000000400637c        0x0 /opt/intelFPGA/18.1/nios2eds/bin/gnu/H-x86_64-pc-linux-gnu/bin/../lib/gcc/nios2-elf/5.3.0/../../../../../H-x86_64-pc-linux-gnu/nios2-elf/lib/libc.a(lib_a-puts.o)
 .data          0x000000000400637c        0x0 /opt/intelFPGA/18.1/nios2eds/bin/gnu/H-x86_64-pc-linux-gnu/bin/../lib/gcc/nios2-elf/5.3.0/../../../../../H-x86_64-pc-linux-gnu/nios2-elf/lib/libc.a(lib_a-strlen.o)
 .data          0x000000000400637c        0x0 /opt/intelFPGA/18.1/nios2eds/bin/gnu/H-x86_64-pc-linux-gnu/bin/../lib/gcc/nios2-elf/5.3.0/../../../../../H-x86_64-pc-linux-gnu/nios2-elf/lib/libc.a(lib_a-findfp.o)
 .data          0x000000000400637c        0x0 /opt/intelFPGA/18.1/nios2eds/bin/gnu/H-x86_64-pc-linux-gnu/bin/../lib/gcc/nios2-elf/5.3.0/../../../../../H-x86_64-pc-linux-gnu/nios2-elf/lib/libc.a(lib_a-fvwrite.o)
 .data          0x000000000400637c        0x0 /opt/intelFPGA/18.1/nios2eds/bin/gnu/H-x86_64-pc-linux-gnu/bin/../lib/gcc/nios2-elf/5.3.0/../../../../../H-x86_64-pc-linux-gnu/nios2-elf/lib/libc.a(lib_a-fwalk.o)
 .data          0x000000000400637c        0x0 /opt/intelFPGA/18.1/nios2eds/bin/gnu/H-x86_64-pc-linux-gnu/bin/../lib/gcc/nios2-elf/5.3.0/../../../../../H-x86_64-pc-linux-gnu/nios2-elf/lib/libc.a(lib_a-impure.o)
 .data.impure_data
                0x000000000400637c      0x424 /opt/intelFPGA/18.1/nios2eds/bin/gnu/H-x86_64-pc-linux-gnu/bin/../lib/gcc/nios2-elf/5.3.0/../../../../../H-x86_64-pc-linux-gnu/nios2-elf/lib/libc.a(lib_a-impure.o)
 .data          0x00000000040067a0        0x0 /opt/intelFPGA/18.1/nios2eds/bin/gnu/H-x86_64-pc-linux-gnu/bin/../lib/gcc/nios2-elf/5.3.0/../../../../../H-x86_64-pc-linux-gnu/nios2-elf/lib/libc.a(lib_a-mallocr.o)
 .data.__malloc_av_
                0x00000000040067a0      0x408 /opt/intelFPGA/18.1/nios2eds/bin/gnu/H-x86_64-pc-linux-gnu/bin/../lib/gcc/nios2-elf/5.3.0/../../../../../H-x86_64-pc-linux-gnu/nios2-elf/lib/libc.a(lib_a-mallocr.o)
                0x00000000040067a0                __malloc_av_
 .data          0x0000000004006ba8        0x0 /opt/intelFPGA/18.1/nios2eds/bin/gnu/H-x86_64-pc-linux-gnu/bin/../lib/gcc/nios2-elf/5.3.0/../../../../../H-x86_64-pc-linux-gnu/nios2-elf/lib/libc.a(lib_a-memchr.o)
 .data          0x0000000004006ba8        0x0 /opt/intelFPGA/18.1/nios2eds/bin/gnu/H-x86_64-pc-linux-gnu/bin/../lib/gcc/nios2-elf/5.3.0/../../../../../H-x86_64-pc-linux-gnu/nios2-elf/lib/libc.a(lib_a-memcpy.o)
 .data          0x0000000004006ba8        0x0 /opt/intelFPGA/18.1/nios2eds/bin/gnu/H-x86_64-pc-linux-gnu/bin/../lib/gcc/nios2-elf/5.3.0/../../../../../H-x86_64-pc-linux-gnu/nios2-elf/lib/libc.a(lib_a-memmove.o)
 .data          0x0000000004006ba8        0x0 /opt/intelFPGA/18.1/nios2eds/bin/gnu/H-x86_64-pc-linux-gnu/bin/../lib/gcc/nios2-elf/5.3.0/../../../../../H-x86_64-pc-linux-gnu/nios2-elf/lib/libc.a(lib_a-memset.o)
 .data          0x0000000004006ba8        0x0 /opt/intelFPGA/18.1/nios2eds/bin/gnu/H-x86_64-pc-linux-gnu/bin/../lib/gcc/nios2-elf/5.3.0/../../../../../H-x86_64-pc-linux-gnu/nios2-elf/lib/libc.a(lib_a-reallocr.o)
 .data          0x0000000004006ba8        0x0 /opt/intelFPGA/18.1/nios2eds/bin/gnu/H-x86_64-pc-linux-gnu/bin/../lib/gcc/nios2-elf/5.3.0/../../../../../H-x86_64-pc-linux-gnu/nios2-elf/lib/libc.a(lib_a-sbrkr.o)
 .data          0x0000000004006ba8        0x0 /opt/intelFPGA/18.1/nios2eds/bin/gnu/H-x86_64-pc-linux-gnu/bin/../lib/gcc/nios2-elf/5.3.0/../../../../../H-x86_64-pc-linux-gnu/nios2-elf/lib/libc.a(lib_a-stdio.o)
 .data          0x0000000004006ba8        0x0 /opt/intelFPGA/18.1/nios2eds/bin/gnu/H-x86_64-pc-linux-gnu/bin/../lib/gcc/nios2-elf/5.3.0/../../../../../H-x86_64-pc-linux-gnu/nios2-elf/lib/libc.a(lib_a-writer.o)
 .data          0x0000000004006ba8        0x0 /opt/intelFPGA/18.1/nios2eds/bin/gnu/H-x86_64-pc-linux-gnu/bin/../lib/gcc/nios2-elf/5.3.0/../../../../../H-x86_64-pc-linux-gnu/nios2-elf/lib/libc.a(lib_a-wsetup.o)
 .data          0x0000000004006ba8        0x0 /opt/intelFPGA/18.1/nios2eds/bin/gnu/H-x86_64-pc-linux-gnu/bin/../lib/gcc/nios2-elf/5.3.0/../../../../../H-x86_64-pc-linux-gnu/nios2-elf/lib/libc.a(closer.o)
 .data          0x0000000004006ba8        0x0 /opt/intelFPGA/18.1/nios2eds/bin/gnu/H-x86_64-pc-linux-gnu/bin/../lib/gcc/nios2-elf/5.3.0/../../../../../H-x86_64-pc-linux-gnu/nios2-elf/lib/libc.a(lib_a-fclose.o)
 .data          0x0000000004006ba8        0x0 /opt/intelFPGA/18.1/nios2eds/bin/gnu/H-x86_64-pc-linux-gnu/bin/../lib/gcc/nios2-elf/5.3.0/../../../../../H-x86_64-pc-linux-gnu/nios2-elf/lib/libc.a(lib_a-fflush.o)
 .data          0x0000000004006ba8        0x0 /opt/intelFPGA/18.1/nios2eds/bin/gnu/H-x86_64-pc-linux-gnu/bin/../lib/gcc/nios2-elf/5.3.0/../../../../../H-x86_64-pc-linux-gnu/nios2-elf/lib/libc.a(lib_a-freer.o)
 .data          0x0000000004006ba8        0x0 /opt/intelFPGA/18.1/nios2eds/bin/gnu/H-x86_64-pc-linux-gnu/bin/../lib/gcc/nios2-elf/5.3.0/../../../../../H-x86_64-pc-linux-gnu/nios2-elf/lib/libc.a(lib_a-int_errno.o)
 .data          0x0000000004006ba8        0x0 /opt/intelFPGA/18.1/nios2eds/bin/gnu/H-x86_64-pc-linux-gnu/bin/../lib/gcc/nios2-elf/5.3.0/../../../../../H-x86_64-pc-linux-gnu/nios2-elf/lib/libc.a(lib_a-lseekr.o)
 .data          0x0000000004006ba8        0x0 /opt/intelFPGA/18.1/nios2eds/bin/gnu/H-x86_64-pc-linux-gnu/bin/../lib/gcc/nios2-elf/5.3.0/../../../../../H-x86_64-pc-linux-gnu/nios2-elf/lib/libc.a(lib_a-makebuf.o)
 .data          0x0000000004006ba8        0x0 /opt/intelFPGA/18.1/nios2eds/bin/gnu/H-x86_64-pc-linux-gnu/bin/../lib/gcc/nios2-elf/5.3.0/../../../../../H-x86_64-pc-linux-gnu/nios2-elf/lib/libc.a(lib_a-readr.o)
 .data          0x0000000004006ba8        0x0 /opt/intelFPGA/18.1/nios2eds/bin/gnu/H-x86_64-pc-linux-gnu/bin/../lib/gcc/nios2-elf/5.3.0/../../../../../H-x86_64-pc-linux-gnu/nios2-elf/lib/libc.a(lib_a-fstatr.o)
 .data          0x0000000004006ba8        0x0 /opt/intelFPGA/18.1/nios2eds/bin/gnu/H-x86_64-pc-linux-gnu/bin/../lib/gcc/nios2-elf/5.3.0/../../../../../H-x86_64-pc-linux-gnu/nios2-elf/lib/libc.a(lib_a-isattyr.o)
 .data          0x0000000004006ba8        0x0 /opt/intelFPGA/18.1/nios2eds/bin/gnu/H-x86_64-pc-linux-gnu/bin/../lib/gcc/nios2-elf/5.3.0/libgcc.a(lib2-divmod.o)
 .data          0x0000000004006ba8        0x0 /home/vm/Final-Project-Real-Time-Embedded-Systems/sw/nios/sound_acquisition_bsp//libhal_bsp.a(alt_close.o)
 .data          0x0000000004006ba8      0x1a8 /home/vm/Final-Project-Real-Time-Embedded-Systems/sw/nios/sound_acquisition_bsp//libhal_bsp.a(alt_dev.o)
                0x0000000004006ba8                alt_dev_null
                0x0000000004006bd0                alt_fd_list
 .data          0x0000000004006d50        0x0 /home/vm/Final-Project-Real-Time-Embedded-Systems/sw/nios/sound_acquisition_bsp//libhal_bsp.a(alt_errno.o)
 .data          0x0000000004006d50        0x0 /home/vm/Final-Project-Real-Time-Embedded-Systems/sw/nios/sound_acquisition_bsp//libhal_bsp.a(alt_fstat.o)
 .data          0x0000000004006d50        0x0 /home/vm/Final-Project-Real-Time-Embedded-Systems/sw/nios/sound_acquisition_bsp//libhal_bsp.a(alt_isatty.o)
 .data          0x0000000004006d50        0x0 /home/vm/Final-Project-Real-Time-Embedded-Systems/sw/nios/sound_acquisition_bsp//libhal_bsp.a(alt_load.o)
 .data          0x0000000004006d50        0x0 /home/vm/Final-Project-Real-Time-Embedded-Systems/sw/nios/sound_acquisition_bsp//libhal_bsp.a(alt_lseek.o)
 .data          0x0000000004006d50        0x0 /home/vm/Final-Project-Real-Time-Embedded-Systems/sw/nios/sound_acquisition_bsp//libhal_bsp.a(alt_main.o)
 .data          0x0000000004006d50        0x0 /home/vm/Final-Project-Real-Time-Embedded-Systems/sw/nios/sound_acquisition_bsp//libhal_bsp.a(alt_malloc_lock.o)
 .data          0x0000000004006d50        0x0 /home/vm/Final-Project-Real-Time-Embedded-Systems/sw/nios/sound_acquisition_bsp//libhal_bsp.a(alt_read.o)
 .data          0x0000000004006d50        0x0 /home/vm/Final-Project-Real-Time-Embedded-Systems/sw/nios/sound_acquisition_bsp//libhal_bsp.a(alt_release_fd.o)
 .data          0x0000000004006d50        0x0 /home/vm/Final-Project-Real-Time-Embedded-Systems/sw/nios/sound_acquisition_bsp//libhal_bsp.a(alt_sbrk.o)
 .data          0x0000000004006d50        0x0 /home/vm/Final-Project-Real-Time-Embedded-Systems/sw/nios/sound_acquisition_bsp//libhal_bsp.a(alt_write.o)
 .data          0x0000000004006d50     0x1118 /home/vm/Final-Project-Real-Time-Embedded-Systems/sw/nios/sound_acquisition_bsp//libhal_bsp.a(alt_sys_init.o)
 .data          0x0000000004007e68        0x0 /home/vm/Final-Project-Real-Time-Embedded-Systems/sw/nios/sound_acquisition_bsp//libhal_bsp.a(altera_avalon_jtag_uart_fd.o)
 .data          0x0000000004007e68        0x0 /home/vm/Final-Project-Real-Time-Embedded-Systems/sw/nios/sound_acquisition_bsp//libhal_bsp.a(altera_avalon_jtag_uart_init.o)
 .data          0x0000000004007e68        0x0 /home/vm/Final-Project-Real-Time-Embedded-Systems/sw/nios/sound_acquisition_bsp//libhal_bsp.a(altera_avalon_jtag_uart_ioctl.o)
 .data          0x0000000004007e68        0x0 /home/vm/Final-Project-Real-Time-Embedded-Systems/sw/nios/sound_acquisition_bsp//libhal_bsp.a(altera_avalon_jtag_uart_read.o)
 .data          0x0000000004007e68        0x0 /home/vm/Final-Project-Real-Time-Embedded-Systems/sw/nios/sound_acquisition_bsp//libhal_bsp.a(altera_avalon_jtag_uart_write.o)
 .data          0x0000000004007e68        0x0 /home/vm/Final-Project-Real-Time-Embedded-Systems/sw/nios/sound_acquisition_bsp//libhal_bsp.a(altera_avalon_mailbox_simple.o)
 .data          0x0000000004007e68        0x0 /home/vm/Final-Project-Real-Time-Embedded-Systems/sw/nios/sound_acquisition_bsp//libhal_bsp.a(altera_avalon_mutex.o)
 .data          0x0000000004007e68        0x0 /home/vm/Final-Project-Real-Time-Embedded-Systems/sw/nios/sound_acquisition_bsp//libhal_bsp.a(alt_alarm_start.o)
 .data          0x0000000004007e68        0x0 /home/vm/Final-Project-Real-Time-Embedded-Systems/sw/nios/sound_acquisition_bsp//libhal_bsp.a(alt_dcache_flush_all.o)
 .data          0x0000000004007e68        0x0 /home/vm/Final-Project-Real-Time-Embedded-Systems/sw/nios/sound_acquisition_bsp//libhal_bsp.a(alt_dev_llist_insert.o)
 .data          0x0000000004007e68        0x0 /home/vm/Final-Project-Real-Time-Embedded-Systems/sw/nios/sound_acquisition_bsp//libhal_bsp.a(alt_do_ctors.o)
 .data          0x0000000004007e68        0x0 /home/vm/Final-Project-Real-Time-Embedded-Systems/sw/nios/sound_acquisition_bsp//libhal_bsp.a(alt_do_dtors.o)
 .data          0x0000000004007e68        0x0 /home/vm/Final-Project-Real-Time-Embedded-Systems/sw/nios/sound_acquisition_bsp//libhal_bsp.a(alt_find_dev.o)
 .data          0x0000000004007e68        0x0 /home/vm/Final-Project-Real-Time-Embedded-Systems/sw/nios/sound_acquisition_bsp//libhal_bsp.a(alt_icache_flush_all.o)
 .data          0x0000000004007e68        0x0 /home/vm/Final-Project-Real-Time-Embedded-Systems/sw/nios/sound_acquisition_bsp//libhal_bsp.a(alt_io_redirect.o)
 .data          0x0000000004007e68        0x0 /home/vm/Final-Project-Real-Time-Embedded-Systems/sw/nios/sound_acquisition_bsp//libhal_bsp.a(alt_irq_register.o)
 .data          0x0000000004007e68        0x0 /home/vm/Final-Project-Real-Time-Embedded-Systems/sw/nios/sound_acquisition_bsp//libhal_bsp.a(alt_irq_vars.o)
 .data          0x0000000004007e68        0x0 /home/vm/Final-Project-Real-Time-Embedded-Systems/sw/nios/sound_acquisition_bsp//libhal_bsp.a(alt_open.o)
 .data          0x0000000004007e68        0x0 /home/vm/Final-Project-Real-Time-Embedded-Systems/sw/nios/sound_acquisition_bsp//libhal_bsp.a(alt_tick.o)
 .data          0x0000000004007e68        0x0 /home/vm/Final-Project-Real-Time-Embedded-Systems/sw/nios/sound_acquisition_bsp//libhal_bsp.a(altera_nios2_gen2_irq.o)
 .data          0x0000000004007e68        0x0 /home/vm/Final-Project-Real-Time-Embedded-Systems/sw/nios/sound_acquisition_bsp//libhal_bsp.a(alt_find_file.o)
 .data          0x0000000004007e68        0x0 /home/vm/Final-Project-Real-Time-Embedded-Systems/sw/nios/sound_acquisition_bsp//libhal_bsp.a(alt_get_fd.o)
 .data          0x0000000004007e68        0x0 /home/vm/Final-Project-Real-Time-Embedded-Systems/sw/nios/sound_acquisition_bsp//libhal_bsp.a(alt_icache_flush.o)
 .data          0x0000000004007e68        0x0 /home/vm/Final-Project-Real-Time-Embedded-Systems/sw/nios/sound_acquisition_bsp//libhal_bsp.a(alt_irq_entry.o)
 .data          0x0000000004007e68        0x0 /home/vm/Final-Project-Real-Time-Embedded-Systems/sw/nios/sound_acquisition_bsp//libhal_bsp.a(alt_irq_handler.o)
 .data          0x0000000004007e68        0x0 /home/vm/Final-Project-Real-Time-Embedded-Systems/sw/nios/sound_acquisition_bsp//libhal_bsp.a(alt_exception_entry.o)
 .data          0x0000000004007e68        0x0 /home/vm/Final-Project-Real-Time-Embedded-Systems/sw/nios/sound_acquisition_bsp//libhal_bsp.a(alt_instruction_exception_entry.o)
 .data          0x0000000004007e68        0x0 /opt/intelFPGA/18.1/nios2eds/bin/gnu/H-x86_64-pc-linux-gnu/bin/../lib/gcc/nios2-elf/5.3.0/../../../../../H-x86_64-pc-linux-gnu/nios2-elf/lib/libc.a(lib_a-atexit.o)
 .data          0x0000000004007e68        0x0 /opt/intelFPGA/18.1/nios2eds/bin/gnu/H-x86_64-pc-linux-gnu/bin/../lib/gcc/nios2-elf/5.3.0/../../../../../H-x86_64-pc-linux-gnu/nios2-elf/lib/libc.a(lib_a-exit.o)
 .data          0x0000000004007e68        0x0 /opt/intelFPGA/18.1/nios2eds/bin/gnu/H-x86_64-pc-linux-gnu/bin/../lib/gcc/nios2-elf/5.3.0/../../../../../H-x86_64-pc-linux-gnu/nios2-elf/lib/libc.a(lib_a-memcmp.o)
 .data          0x0000000004007e68        0x0 /opt/intelFPGA/18.1/nios2eds/bin/gnu/H-x86_64-pc-linux-gnu/bin/../lib/gcc/nios2-elf/5.3.0/../../../../../H-x86_64-pc-linux-gnu/nios2-elf/lib/libc.a(lib_a-__atexit.o)
 .data          0x0000000004007e68        0x0 /opt/intelFPGA/18.1/nios2eds/bin/gnu/H-x86_64-pc-linux-gnu/bin/../lib/gcc/nios2-elf/5.3.0/../../../../../H-x86_64-pc-linux-gnu/nios2-elf/lib/libc.a(lib_a-__call_atexit.o)
 .data          0x0000000004007e68        0x0 /home/vm/Final-Project-Real-Time-Embedded-Systems/sw/nios/sound_acquisition_bsp//libhal_bsp.a(alt_exit.o)
                0x000000000400fe68                _gp = ABSOLUTE ((. + 0x8000))
                [!provide]                        PROVIDE (gp, _gp)
 *(.rwdata .rwdata.*)
 *(.sdata .sdata.* .gnu.linkonce.s.*)
 .sdata._global_impure_ptr
                0x0000000004007e68        0x4 /opt/intelFPGA/18.1/nios2eds/bin/gnu/H-x86_64-pc-linux-gnu/bin/../lib/gcc/nios2-elf/5.3.0/../../../../../H-x86_64-pc-linux-gnu/nios2-elf/lib/libc.a(lib_a-impure.o)
                0x0000000004007e68                _global_impure_ptr
 .sdata._impure_ptr
                0x0000000004007e6c        0x4 /opt/intelFPGA/18.1/nios2eds/bin/gnu/H-x86_64-pc-linux-gnu/bin/../lib/gcc/nios2-elf/5.3.0/../../../../../H-x86_64-pc-linux-gnu/nios2-elf/lib/libc.a(lib_a-impure.o)
                0x0000000004007e6c                _impure_ptr
 .sdata.__malloc_sbrk_base
                0x0000000004007e70        0x4 /opt/intelFPGA/18.1/nios2eds/bin/gnu/H-x86_64-pc-linux-gnu/bin/../lib/gcc/nios2-elf/5.3.0/../../../../../H-x86_64-pc-linux-gnu/nios2-elf/lib/libc.a(lib_a-mallocr.o)
                0x0000000004007e70                __malloc_sbrk_base
 .sdata.__malloc_trim_threshold
                0x0000000004007e74        0x4 /opt/intelFPGA/18.1/nios2eds/bin/gnu/H-x86_64-pc-linux-gnu/bin/../lib/gcc/nios2-elf/5.3.0/../../../../../H-x86_64-pc-linux-gnu/nios2-elf/lib/libc.a(lib_a-mallocr.o)
                0x0000000004007e74                __malloc_trim_threshold
 .sdata         0x0000000004007e78       0x14 /home/vm/Final-Project-Real-Time-Embedded-Systems/sw/nios/sound_acquisition_bsp//libhal_bsp.a(alt_dev.o)
                0x0000000004007e78                alt_fs_list
                0x0000000004007e80                alt_dev_list
                0x0000000004007e88                alt_max_fd
 .sdata         0x0000000004007e8c        0x4 /home/vm/Final-Project-Real-Time-Embedded-Systems/sw/nios/sound_acquisition_bsp//libhal_bsp.a(alt_errno.o)
                0x0000000004007e8c                alt_errno
 .sdata         0x0000000004007e90        0x4 /home/vm/Final-Project-Real-Time-Embedded-Systems/sw/nios/sound_acquisition_bsp//libhal_bsp.a(alt_sbrk.o)
 .sdata         0x0000000004007e94        0x8 /home/vm/Final-Project-Real-Time-Embedded-Systems/sw/nios/sound_acquisition_bsp//libhal_bsp.a(altera_avalon_mailbox_simple.o)
                0x0000000004007e94                alt_mailbox_simple_list
 .sdata         0x0000000004007e9c        0x8 /home/vm/Final-Project-Real-Time-Embedded-Systems/sw/nios/sound_acquisition_bsp//libhal_bsp.a(altera_avalon_mutex.o)
                0x0000000004007e9c                alt_mutex_list
 .sdata         0x0000000004007ea4        0x4 /home/vm/Final-Project-Real-Time-Embedded-Systems/sw/nios/sound_acquisition_bsp//libhal_bsp.a(alt_irq_vars.o)
                0x0000000004007ea4                alt_priority_mask
 .sdata         0x0000000004007ea8        0x8 /home/vm/Final-Project-Real-Time-Embedded-Systems/sw/nios/sound_acquisition_bsp//libhal_bsp.a(alt_tick.o)
                0x0000000004007ea8                alt_alarm_list
 *(.sdata2 .sdata2.* .gnu.linkonce.s2.*)
                0x0000000004007eb0                . = ALIGN (0x4)
                0x0000000004007eb0                _edata = ABSOLUTE (.)
                [!provide]                        PROVIDE (edata, ABSOLUTE (.))
                0x0000000004007eb0                PROVIDE (__ram_rwdata_end, ABSOLUTE (.))
                0x0000000004007eb0                PROVIDE (__flash_rwdata_start, LOADADDR (.rwdata))

.bss            0x00000000040099e4      0x154
                0x00000000040099e4                __bss_start = ABSOLUTE (.)
                [!provide]                        PROVIDE (__sbss_start, ABSOLUTE (.))
                [!provide]                        PROVIDE (___sbss_start, ABSOLUTE (.))
 *(.dynsbss)
 *(.sbss .sbss.* .gnu.linkonce.sb.*)
 .sbss.__malloc_max_total_mem
                0x00000000040099e4        0x4 /opt/intelFPGA/18.1/nios2eds/bin/gnu/H-x86_64-pc-linux-gnu/bin/../lib/gcc/nios2-elf/5.3.0/../../../../../H-x86_64-pc-linux-gnu/nios2-elf/lib/libc.a(lib_a-mallocr.o)
                0x00000000040099e4                __malloc_max_total_mem
 .sbss.__malloc_max_sbrked_mem
                0x00000000040099e8        0x4 /opt/intelFPGA/18.1/nios2eds/bin/gnu/H-x86_64-pc-linux-gnu/bin/../lib/gcc/nios2-elf/5.3.0/../../../../../H-x86_64-pc-linux-gnu/nios2-elf/lib/libc.a(lib_a-mallocr.o)
                0x00000000040099e8                __malloc_max_sbrked_mem
 .sbss.__malloc_top_pad
                0x00000000040099ec        0x4 /opt/intelFPGA/18.1/nios2eds/bin/gnu/H-x86_64-pc-linux-gnu/bin/../lib/gcc/nios2-elf/5.3.0/../../../../../H-x86_64-pc-linux-gnu/nios2-elf/lib/libc.a(lib_a-mallocr.o)
                0x00000000040099ec                __malloc_top_pad
 .sbss          0x00000000040099f0        0x4 /opt/intelFPGA/18.1/nios2eds/bin/gnu/H-x86_64-pc-linux-gnu/bin/../lib/gcc/nios2-elf/5.3.0/../../../../../H-x86_64-pc-linux-gnu/nios2-elf/lib/libc.a(lib_a-int_errno.o)
                0x00000000040099f0                errno
 .sbss          0x00000000040099f4        0xc /home/vm/Final-Project-Real-Time-Embedded-Systems/sw/nios/sound_acquisition_bsp//libhal_bsp.a(alt_main.o)
                0x00000000040099f4                alt_argc
                0x00000000040099f8                alt_argv
                0x00000000040099fc                alt_envp
 .sbss          0x0000000004009a00        0x4 /home/vm/Final-Project-Real-Time-Embedded-Systems/sw/nios/sound_acquisition_bsp//libhal_bsp.a(alt_irq_vars.o)
                0x0000000004009a00                alt_irq_active
 .sbss          0x0000000004009a04        0x8 /home/vm/Final-Project-Real-Time-Embedded-Systems/sw/nios/sound_acquisition_bsp//libhal_bsp.a(alt_tick.o)
                0x0000000004009a04                _alt_tick_rate
                0x0000000004009a08                _alt_nticks
 .sbss          0x0000000004009a0c        0x4 /home/vm/Final-Project-Real-Time-Embedded-Systems/sw/nios/sound_acquisition_bsp//libhal_bsp.a(alt_instruction_exception_entry.o)
                0x0000000004009a0c                alt_instruction_exception_handler
 *(.sbss2 .sbss2.* .gnu.linkonce.sb2.*)
 *(.scommon)
                [!provide]                        PROVIDE (__sbss_end, ABSOLUTE (.))
                [!provide]                        PROVIDE (___sbss_end, ABSOLUTE (.))
 *(.dynbss)
 *(.bss .bss.* .gnu.linkonce.b.*)
 .bss           0x0000000004009a10        0x0 /home/vm/Final-Project-Real-Time-Embedded-Systems/sw/nios/sound_acquisition_bsp//obj/HAL/src/crt0.o
 .bss           0x0000000004009a10        0x0 obj/default/hello_world.o
 .bss           0x0000000004009a10        0x0 /opt/intelFPGA/18.1/nios2eds/bin/gnu/H-x86_64-pc-linux-gnu/bin/../lib/gcc/nios2-elf/5.3.0/../../../../../H-x86_64-pc-linux-gnu/nios2-elf/lib/libc.a(lib_a-puts.o)
 .bss           0x0000000004009a10        0x0 /opt/intelFPGA/18.1/nios2eds/bin/gnu/H-x86_64-pc-linux-gnu/bin/../lib/gcc/nios2-elf/5.3.0/../../../../../H-x86_64-pc-linux-gnu/nios2-elf/lib/libc.a(lib_a-strlen.o)
 .bss           0x0000000004009a10        0x0 /opt/intelFPGA/18.1/nios2eds/bin/gnu/H-x86_64-pc-linux-gnu/bin/../lib/gcc/nios2-elf/5.3.0/../../../../../H-x86_64-pc-linux-gnu/nios2-elf/lib/libc.a(lib_a-findfp.o)
 .bss           0x0000000004009a10        0x0 /opt/intelFPGA/18.1/nios2eds/bin/gnu/H-x86_64-pc-linux-gnu/bin/../lib/gcc/nios2-elf/5.3.0/../../../../../H-x86_64-pc-linux-gnu/nios2-elf/lib/libc.a(lib_a-fvwrite.o)
 .bss           0x0000000004009a10        0x0 /opt/intelFPGA/18.1/nios2eds/bin/gnu/H-x86_64-pc-linux-gnu/bin/../lib/gcc/nios2-elf/5.3.0/../../../../../H-x86_64-pc-linux-gnu/nios2-elf/lib/libc.a(lib_a-fwalk.o)
 .bss           0x0000000004009a10        0x0 /opt/intelFPGA/18.1/nios2eds/bin/gnu/H-x86_64-pc-linux-gnu/bin/../lib/gcc/nios2-elf/5.3.0/../../../../../H-x86_64-pc-linux-gnu/nios2-elf/lib/libc.a(lib_a-impure.o)
 .bss           0x0000000004009a10        0x0 /opt/intelFPGA/18.1/nios2eds/bin/gnu/H-x86_64-pc-linux-gnu/bin/../lib/gcc/nios2-elf/5.3.0/../../../../../H-x86_64-pc-linux-gnu/nios2-elf/lib/libc.a(lib_a-mallocr.o)
 .bss.__malloc_current_mallinfo
                0x0000000004009a10       0x28 /opt/intelFPGA/18.1/nios2eds/bin/gnu/H-x86_64-pc-linux-gnu/bin/../lib/gcc/nios2-elf/5.3.0/../../../../../H-x86_64-pc-linux-gnu/nios2-elf/lib/libc.a(lib_a-mallocr.o)
                0x0000000004009a10                __malloc_current_mallinfo
 .bss           0x0000000004009a38        0x0 /opt/intelFPGA/18.1/nios2eds/bin/gnu/H-x86_64-pc-linux-gnu/bin/../lib/gcc/nios2-elf/5.3.0/../../../../../H-x86_64-pc-linux-gnu/nios2-elf/lib/libc.a(lib_a-memchr.o)
 .bss           0x0000000004009a38        0x0 /opt/intelFPGA/18.1/nios2eds/bin/gnu/H-x86_64-pc-linux-gnu/bin/../lib/gcc/nios2-elf/5.3.0/../../../../../H-x86_64-pc-linux-gnu/nios2-elf/lib/libc.a(lib_a-memcpy.o)
 .bss           0x0000000004009a38        0x0 /opt/intelFPGA/18.1/nios2eds/bin/gnu/H-x86_64-pc-linux-gnu/bin/../lib/gcc/nios2-elf/5.3.0/../../../../../H-x86_64-pc-linux-gnu/nios2-elf/lib/libc.a(lib_a-memmove.o)
 .bss           0x0000000004009a38        0x0 /opt/intelFPGA/18.1/nios2eds/bin/gnu/H-x86_64-pc-linux-gnu/bin/../lib/gcc/nios2-elf/5.3.0/../../../../../H-x86_64-pc-linux-gnu/nios2-elf/lib/libc.a(lib_a-memset.o)
 .bss           0x0000000004009a38        0x0 /opt/intelFPGA/18.1/nios2eds/bin/gnu/H-x86_64-pc-linux-gnu/bin/../lib/gcc/nios2-elf/5.3.0/../../../../../H-x86_64-pc-linux-gnu/nios2-elf/lib/libc.a(lib_a-reallocr.o)
 .bss           0x0000000004009a38        0x0 /opt/intelFPGA/18.1/nios2eds/bin/gnu/H-x86_64-pc-linux-gnu/bin/../lib/gcc/nios2-elf/5.3.0/../../../../../H-x86_64-pc-linux-gnu/nios2-elf/lib/libc.a(lib_a-sbrkr.o)
 .bss           0x0000000004009a38        0x0 /opt/intelFPGA/18.1/nios2eds/bin/gnu/H-x86_64-pc-linux-gnu/bin/../lib/gcc/nios2-elf/5.3.0/../../../../../H-x86_64-pc-linux-gnu/nios2-elf/lib/libc.a(lib_a-stdio.o)
 .bss           0x0000000004009a38        0x0 /opt/intelFPGA/18.1/nios2eds/bin/gnu/H-x86_64-pc-linux-gnu/bin/../lib/gcc/nios2-elf/5.3.0/../../../../../H-x86_64-pc-linux-gnu/nios2-elf/lib/libc.a(lib_a-writer.o)
 .bss           0x0000000004009a38        0x0 /opt/intelFPGA/18.1/nios2eds/bin/gnu/H-x86_64-pc-linux-gnu/bin/../lib/gcc/nios2-elf/5.3.0/../../../../../H-x86_64-pc-linux-gnu/nios2-elf/lib/libc.a(lib_a-wsetup.o)
 .bss           0x0000000004009a38        0x0 /opt/intelFPGA/18.1/nios2eds/bin/gnu/H-x86_64-pc-linux-gnu/bin/../lib/gcc/nios2-elf/5.3.0/../../../../../H-x86_64-pc-linux-gnu/nios2-elf/lib/libc.a(closer.o)
 .bss           0x0000000004009a38        0x0 /opt/intelFPGA/18.1/nios2eds/bin/gnu/H-x86_64-pc-linux-gnu/bin/../lib/gcc/nios2-elf/5.3.0/../../../../../H-x86_64-pc-linux-gnu/nios2-elf/lib/libc.a(lib_a-fclose.o)
 .bss           0x0000000004009a38        0x0 /opt/intelFPGA/18.1/nios2eds/bin/gnu/H-x86_64-pc-linux-gnu/bin/../lib/gcc/nios2-elf/5.3.0/../../../../../H-x86_64-pc-linux-gnu/nios2-elf/lib/libc.a(lib_a-fflush.o)
 .bss           0x0000000004009a38        0x0 /opt/intelFPGA/18.1/nios2eds/bin/gnu/H-x86_64-pc-linux-gnu/bin/../lib/gcc/nios2-elf/5.3.0/../../../../../H-x86_64-pc-linux-gnu/nios2-elf/lib/libc.a(lib_a-freer.o)
 .bss           0x0000000004009a38        0x0 /opt/intelFPGA/18.1/nios2eds/bin/gnu/H-x86_64-pc-linux-gnu/bin/../lib/gcc/nios2-elf/5.3.0/../../../../../H-x86_64-pc-linux-gnu/nios2-elf/lib/libc.a(lib_a-int_errno.o)
 .bss           0x0000000004009a38        0x0 /opt/intelFPGA/18.1/nios2eds/bin/gnu/H-x86_64-pc-linux-gnu/bin/../lib/gcc/nios2-elf/5.3.0/../../../../../H-x86_64-pc-linux-gnu/nios2-elf/lib/libc.a(lib_a-lseekr.o)
 .bss           0x0000000004009a38        0x0 /opt/intelFPGA/18.1/nios2eds/bin/gnu/H-x86_64-pc-linux-gnu/bin/../lib/gcc/nios2-elf/5.3.0/../../../../../H-x86_64-pc-linux-gnu/nios2-elf/lib/libc.a(lib_a-makebuf.o)
 .bss           0x0000000004009a38        0x0 /opt/intelFPGA/18.1/nios2eds/bin/gnu/H-x86_64-pc-linux-gnu/bin/../lib/gcc/nios2-elf/5.3.0/../../../../../H-x86_64-pc-linux-gnu/nios2-elf/lib/libc.a(lib_a-readr.o)
 .bss           0x0000000004009a38        0x0 /opt/intelFPGA/18.1/nios2eds/bin/gnu/H-x86_64-pc-linux-gnu/bin/../lib/gcc/nios2-elf/5.3.0/../../../../../H-x86_64-pc-linux-gnu/nios2-elf/lib/libc.a(lib_a-fstatr.o)
 .bss           0x0000000004009a38        0x0 /opt/intelFPGA/18.1/nios2eds/bin/gnu/H-x86_64-pc-linux-gnu/bin/../lib/gcc/nios2-elf/5.3.0/../../../../../H-x86_64-pc-linux-gnu/nios2-elf/lib/libc.a(lib_a-isattyr.o)
 .bss           0x0000000004009a38        0x0 /opt/intelFPGA/18.1/nios2eds/bin/gnu/H-x86_64-pc-linux-gnu/bin/../lib/gcc/nios2-elf/5.3.0/libgcc.a(lib2-divmod.o)
 .bss           0x0000000004009a38        0x0 /home/vm/Final-Project-Real-Time-Embedded-Systems/sw/nios/sound_acquisition_bsp//libhal_bsp.a(alt_close.o)
 .bss           0x0000000004009a38        0x0 /home/vm/Final-Project-Real-Time-Embedded-Systems/sw/nios/sound_acquisition_bsp//libhal_bsp.a(alt_dev.o)
 .bss           0x0000000004009a38        0x0 /home/vm/Final-Project-Real-Time-Embedded-Systems/sw/nios/sound_acquisition_bsp//libhal_bsp.a(alt_errno.o)
 .bss           0x0000000004009a38        0x0 /home/vm/Final-Project-Real-Time-Embedded-Systems/sw/nios/sound_acquisition_bsp//libhal_bsp.a(alt_fstat.o)
 .bss           0x0000000004009a38        0x0 /home/vm/Final-Project-Real-Time-Embedded-Systems/sw/nios/sound_acquisition_bsp//libhal_bsp.a(alt_isatty.o)
 .bss           0x0000000004009a38        0x0 /home/vm/Final-Project-Real-Time-Embedded-Systems/sw/nios/sound_acquisition_bsp//libhal_bsp.a(alt_load.o)
 .bss           0x0000000004009a38        0x0 /home/vm/Final-Project-Real-Time-Embedded-Systems/sw/nios/sound_acquisition_bsp//libhal_bsp.a(alt_lseek.o)
 .bss           0x0000000004009a38        0x0 /home/vm/Final-Project-Real-Time-Embedded-Systems/sw/nios/sound_acquisition_bsp//libhal_bsp.a(alt_main.o)
 .bss           0x0000000004009a38        0x0 /home/vm/Final-Project-Real-Time-Embedded-Systems/sw/nios/sound_acquisition_bsp//libhal_bsp.a(alt_malloc_lock.o)
 .bss           0x0000000004009a38        0x0 /home/vm/Final-Project-Real-Time-Embedded-Systems/sw/nios/sound_acquisition_bsp//libhal_bsp.a(alt_read.o)
 .bss           0x0000000004009a38        0x0 /home/vm/Final-Project-Real-Time-Embedded-Systems/sw/nios/sound_acquisition_bsp//libhal_bsp.a(alt_release_fd.o)
 .bss           0x0000000004009a38        0x0 /home/vm/Final-Project-Real-Time-Embedded-Systems/sw/nios/sound_acquisition_bsp//libhal_bsp.a(alt_sbrk.o)
 .bss           0x0000000004009a38        0x0 /home/vm/Final-Project-Real-Time-Embedded-Systems/sw/nios/sound_acquisition_bsp//libhal_bsp.a(alt_write.o)
 .bss           0x0000000004009a38        0x0 /home/vm/Final-Project-Real-Time-Embedded-Systems/sw/nios/sound_acquisition_bsp//libhal_bsp.a(alt_sys_init.o)
 .bss           0x0000000004009a38        0x0 /home/vm/Final-Project-Real-Time-Embedded-Systems/sw/nios/sound_acquisition_bsp//libhal_bsp.a(altera_avalon_jtag_uart_fd.o)
 .bss           0x0000000004009a38        0x0 /home/vm/Final-Project-Real-Time-Embedded-Systems/sw/nios/sound_acquisition_bsp//libhal_bsp.a(altera_avalon_jtag_uart_init.o)
 .bss           0x0000000004009a38        0x0 /home/vm/Final-Project-Real-Time-Embedded-Systems/sw/nios/sound_acquisition_bsp//libhal_bsp.a(altera_avalon_jtag_uart_ioctl.o)
 .bss           0x0000000004009a38        0x0 /home/vm/Final-Project-Real-Time-Embedded-Systems/sw/nios/sound_acquisition_bsp//libhal_bsp.a(altera_avalon_jtag_uart_read.o)
 .bss           0x0000000004009a38        0x0 /home/vm/Final-Project-Real-Time-Embedded-Systems/sw/nios/sound_acquisition_bsp//libhal_bsp.a(altera_avalon_jtag_uart_write.o)
 .bss           0x0000000004009a38        0x0 /home/vm/Final-Project-Real-Time-Embedded-Systems/sw/nios/sound_acquisition_bsp//libhal_bsp.a(altera_avalon_mailbox_simple.o)
 .bss           0x0000000004009a38        0x0 /home/vm/Final-Project-Real-Time-Embedded-Systems/sw/nios/sound_acquisition_bsp//libhal_bsp.a(altera_avalon_mutex.o)
 .bss           0x0000000004009a38        0x0 /home/vm/Final-Project-Real-Time-Embedded-Systems/sw/nios/sound_acquisition_bsp//libhal_bsp.a(alt_alarm_start.o)
 .bss           0x0000000004009a38        0x0 /home/vm/Final-Project-Real-Time-Embedded-Systems/sw/nios/sound_acquisition_bsp//libhal_bsp.a(alt_dcache_flush_all.o)
 .bss           0x0000000004009a38        0x0 /home/vm/Final-Project-Real-Time-Embedded-Systems/sw/nios/sound_acquisition_bsp//libhal_bsp.a(alt_dev_llist_insert.o)
 .bss           0x0000000004009a38        0x0 /home/vm/Final-Project-Real-Time-Embedded-Systems/sw/nios/sound_acquisition_bsp//libhal_bsp.a(alt_do_ctors.o)
 .bss           0x0000000004009a38        0x0 /home/vm/Final-Project-Real-Time-Embedded-Systems/sw/nios/sound_acquisition_bsp//libhal_bsp.a(alt_do_dtors.o)
 .bss           0x0000000004009a38        0x0 /home/vm/Final-Project-Real-Time-Embedded-Systems/sw/nios/sound_acquisition_bsp//libhal_bsp.a(alt_find_dev.o)
 .bss           0x0000000004009a38        0x0 /home/vm/Final-Project-Real-Time-Embedded-Systems/sw/nios/sound_acquisition_bsp//libhal_bsp.a(alt_icache_flush_all.o)
 .bss           0x0000000004009a38        0x0 /home/vm/Final-Project-Real-Time-Embedded-Systems/sw/nios/sound_acquisition_bsp//libhal_bsp.a(alt_io_redirect.o)
 .bss           0x0000000004009a38        0x0 /home/vm/Final-Project-Real-Time-Embedded-Systems/sw/nios/sound_acquisition_bsp//libhal_bsp.a(alt_irq_register.o)
 .bss           0x0000000004009a38        0x0 /home/vm/Final-Project-Real-Time-Embedded-Systems/sw/nios/sound_acquisition_bsp//libhal_bsp.a(alt_irq_vars.o)
 .bss           0x0000000004009a38        0x0 /home/vm/Final-Project-Real-Time-Embedded-Systems/sw/nios/sound_acquisition_bsp//libhal_bsp.a(alt_open.o)
 .bss           0x0000000004009a38        0x0 /home/vm/Final-Project-Real-Time-Embedded-Systems/sw/nios/sound_acquisition_bsp//libhal_bsp.a(alt_tick.o)
 .bss           0x0000000004009a38        0x0 /home/vm/Final-Project-Real-Time-Embedded-Systems/sw/nios/sound_acquisition_bsp//libhal_bsp.a(altera_nios2_gen2_irq.o)
 .bss           0x0000000004009a38        0x0 /home/vm/Final-Project-Real-Time-Embedded-Systems/sw/nios/sound_acquisition_bsp//libhal_bsp.a(alt_find_file.o)
 .bss           0x0000000004009a38        0x0 /home/vm/Final-Project-Real-Time-Embedded-Systems/sw/nios/sound_acquisition_bsp//libhal_bsp.a(alt_get_fd.o)
 .bss           0x0000000004009a38        0x0 /home/vm/Final-Project-Real-Time-Embedded-Systems/sw/nios/sound_acquisition_bsp//libhal_bsp.a(alt_icache_flush.o)
 .bss           0x0000000004009a38        0x0 /home/vm/Final-Project-Real-Time-Embedded-Systems/sw/nios/sound_acquisition_bsp//libhal_bsp.a(alt_irq_entry.o)
 .bss           0x0000000004009a38        0x0 /home/vm/Final-Project-Real-Time-Embedded-Systems/sw/nios/sound_acquisition_bsp//libhal_bsp.a(alt_irq_handler.o)
 .bss           0x0000000004009a38        0x0 /home/vm/Final-Project-Real-Time-Embedded-Systems/sw/nios/sound_acquisition_bsp//libhal_bsp.a(alt_exception_entry.o)
 .bss           0x0000000004009a38        0x0 /home/vm/Final-Project-Real-Time-Embedded-Systems/sw/nios/sound_acquisition_bsp//libhal_bsp.a(alt_instruction_exception_entry.o)
 .bss           0x0000000004009a38        0x0 /opt/intelFPGA/18.1/nios2eds/bin/gnu/H-x86_64-pc-linux-gnu/bin/../lib/gcc/nios2-elf/5.3.0/../../../../../H-x86_64-pc-linux-gnu/nios2-elf/lib/libc.a(lib_a-atexit.o)
 .bss           0x0000000004009a38        0x0 /opt/intelFPGA/18.1/nios2eds/bin/gnu/H-x86_64-pc-linux-gnu/bin/../lib/gcc/nios2-elf/5.3.0/../../../../../H-x86_64-pc-linux-gnu/nios2-elf/lib/libc.a(lib_a-exit.o)
 .bss           0x0000000004009a38        0x0 /opt/intelFPGA/18.1/nios2eds/bin/gnu/H-x86_64-pc-linux-gnu/bin/../lib/gcc/nios2-elf/5.3.0/../../../../../H-x86_64-pc-linux-gnu/nios2-elf/lib/libc.a(lib_a-memcmp.o)
 .bss           0x0000000004009a38        0x0 /opt/intelFPGA/18.1/nios2eds/bin/gnu/H-x86_64-pc-linux-gnu/bin/../lib/gcc/nios2-elf/5.3.0/../../../../../H-x86_64-pc-linux-gnu/nios2-elf/lib/libc.a(lib_a-__atexit.o)
 .bss           0x0000000004009a38        0x0 /opt/intelFPGA/18.1/nios2eds/bin/gnu/H-x86_64-pc-linux-gnu/bin/../lib/gcc/nios2-elf/5.3.0/../../../../../H-x86_64-pc-linux-gnu/nios2-elf/lib/libc.a(lib_a-__call_atexit.o)
 .bss           0x0000000004009a38        0x0 /home/vm/Final-Project-Real-Time-Embedded-Systems/sw/nios/sound_acquisition_bsp//libhal_bsp.a(alt_exit.o)
 *(COMMON)
 COMMON         0x0000000004009a38      0x100 /home/vm/Final-Project-Real-Time-Embedded-Systems/sw/nios/sound_acquisition_bsp//libhal_bsp.a(alt_irq_handler.o)
                0x0000000004009a38                alt_irq
                0x0000000004009b38                . = ALIGN (0x4)
                0x0000000004009b38                __bss_end = ABSOLUTE (.)

.SDRAM_controller
                0x0000000004009b38        0x0
                [!provide]                        PROVIDE (_alt_partition_SDRAM_controller_start, ABSOLUTE (.))
 *(.SDRAM_controller .SDRAM_controller. SDRAM_controller.*)
                0x0000000004009b38                . = ALIGN (0x4)
                [!provide]                        PROVIDE (_alt_partition_SDRAM_controller_end, ABSOLUTE (.))
                0x0000000004009b38                _end = ABSOLUTE (.)
                0x0000000004009b38                end = ABSOLUTE (.)
                0x0000000004009b38                __alt_stack_base = ABSOLUTE (.)
                [!provide]                        PROVIDE (_alt_partition_SDRAM_controller_load_addr, LOADADDR (.SDRAM_controller))

.onchip_memory  0x0000000008020248        0x0 load address 0x0000000004009b38
                [!provide]                        PROVIDE (_alt_partition_onchip_memory_start, ABSOLUTE (.))
 *(.onchip_memory .onchip_memory. onchip_memory.*)
                0x0000000008020248                . = ALIGN (0x4)
                [!provide]                        PROVIDE (_alt_partition_onchip_memory_end, ABSOLUTE (.))
                [!provide]                        PROVIDE (_alt_partition_onchip_memory_load_addr, LOADADDR (.onchip_memory))

.stab
 *(.stab)

.stabstr
 *(.stabstr)

.stab.excl
 *(.stab.excl)

.stab.exclstr
 *(.stab.exclstr)

.stab.index
 *(.stab.index)

.stab.indexstr
 *(.stab.indexstr)

.comment        0x0000000000000000       0x23
 *(.comment)
 .comment       0x0000000000000000       0x23 obj/default/hello_world.o
                                         0x24 (size before relaxing)
 .comment       0x0000000000000023       0x24 /opt/intelFPGA/18.1/nios2eds/bin/gnu/H-x86_64-pc-linux-gnu/bin/../lib/gcc/nios2-elf/5.3.0/../../../../../H-x86_64-pc-linux-gnu/nios2-elf/lib/libc.a(lib_a-puts.o)
 .comment       0x0000000000000023       0x24 /opt/intelFPGA/18.1/nios2eds/bin/gnu/H-x86_64-pc-linux-gnu/bin/../lib/gcc/nios2-elf/5.3.0/../../../../../H-x86_64-pc-linux-gnu/nios2-elf/lib/libc.a(lib_a-strlen.o)
 .comment       0x0000000000000023       0x24 /opt/intelFPGA/18.1/nios2eds/bin/gnu/H-x86_64-pc-linux-gnu/bin/../lib/gcc/nios2-elf/5.3.0/../../../../../H-x86_64-pc-linux-gnu/nios2-elf/lib/libc.a(lib_a-findfp.o)
 .comment       0x0000000000000023       0x24 /opt/intelFPGA/18.1/nios2eds/bin/gnu/H-x86_64-pc-linux-gnu/bin/../lib/gcc/nios2-elf/5.3.0/../../../../../H-x86_64-pc-linux-gnu/nios2-elf/lib/libc.a(lib_a-fvwrite.o)
 .comment       0x0000000000000023       0x24 /opt/intelFPGA/18.1/nios2eds/bin/gnu/H-x86_64-pc-linux-gnu/bin/../lib/gcc/nios2-elf/5.3.0/../../../../../H-x86_64-pc-linux-gnu/nios2-elf/lib/libc.a(lib_a-fwalk.o)
 .comment       0x0000000000000023       0x24 /opt/intelFPGA/18.1/nios2eds/bin/gnu/H-x86_64-pc-linux-gnu/bin/../lib/gcc/nios2-elf/5.3.0/../../../../../H-x86_64-pc-linux-gnu/nios2-elf/lib/libc.a(lib_a-impure.o)
 .comment       0x0000000000000023       0x24 /opt/intelFPGA/18.1/nios2eds/bin/gnu/H-x86_64-pc-linux-gnu/bin/../lib/gcc/nios2-elf/5.3.0/../../../../../H-x86_64-pc-linux-gnu/nios2-elf/lib/libc.a(lib_a-mallocr.o)
 .comment       0x0000000000000023       0x24 /opt/intelFPGA/18.1/nios2eds/bin/gnu/H-x86_64-pc-linux-gnu/bin/../lib/gcc/nios2-elf/5.3.0/../../../../../H-x86_64-pc-linux-gnu/nios2-elf/lib/libc.a(lib_a-memchr.o)
 .comment       0x0000000000000023       0x24 /opt/intelFPGA/18.1/nios2eds/bin/gnu/H-x86_64-pc-linux-gnu/bin/../lib/gcc/nios2-elf/5.3.0/../../../../../H-x86_64-pc-linux-gnu/nios2-elf/lib/libc.a(lib_a-memcpy.o)
 .comment       0x0000000000000023       0x24 /opt/intelFPGA/18.1/nios2eds/bin/gnu/H-x86_64-pc-linux-gnu/bin/../lib/gcc/nios2-elf/5.3.0/../../../../../H-x86_64-pc-linux-gnu/nios2-elf/lib/libc.a(lib_a-memmove.o)
 .comment       0x0000000000000023       0x24 /opt/intelFPGA/18.1/nios2eds/bin/gnu/H-x86_64-pc-linux-gnu/bin/../lib/gcc/nios2-elf/5.3.0/../../../../../H-x86_64-pc-linux-gnu/nios2-elf/lib/libc.a(lib_a-memset.o)
 .comment       0x0000000000000023       0x24 /opt/intelFPGA/18.1/nios2eds/bin/gnu/H-x86_64-pc-linux-gnu/bin/../lib/gcc/nios2-elf/5.3.0/../../../../../H-x86_64-pc-linux-gnu/nios2-elf/lib/libc.a(lib_a-reallocr.o)
 .comment       0x0000000000000023       0x24 /opt/intelFPGA/18.1/nios2eds/bin/gnu/H-x86_64-pc-linux-gnu/bin/../lib/gcc/nios2-elf/5.3.0/../../../../../H-x86_64-pc-linux-gnu/nios2-elf/lib/libc.a(lib_a-sbrkr.o)
 .comment       0x0000000000000023       0x24 /opt/intelFPGA/18.1/nios2eds/bin/gnu/H-x86_64-pc-linux-gnu/bin/../lib/gcc/nios2-elf/5.3.0/../../../../../H-x86_64-pc-linux-gnu/nios2-elf/lib/libc.a(lib_a-stdio.o)
 .comment       0x0000000000000023       0x24 /opt/intelFPGA/18.1/nios2eds/bin/gnu/H-x86_64-pc-linux-gnu/bin/../lib/gcc/nios2-elf/5.3.0/../../../../../H-x86_64-pc-linux-gnu/nios2-elf/lib/libc.a(lib_a-writer.o)
 .comment       0x0000000000000023       0x24 /opt/intelFPGA/18.1/nios2eds/bin/gnu/H-x86_64-pc-linux-gnu/bin/../lib/gcc/nios2-elf/5.3.0/../../../../../H-x86_64-pc-linux-gnu/nios2-elf/lib/libc.a(lib_a-wsetup.o)
 .comment       0x0000000000000023       0x24 /opt/intelFPGA/18.1/nios2eds/bin/gnu/H-x86_64-pc-linux-gnu/bin/../lib/gcc/nios2-elf/5.3.0/../../../../../H-x86_64-pc-linux-gnu/nios2-elf/lib/libc.a(closer.o)
 .comment       0x0000000000000023       0x24 /opt/intelFPGA/18.1/nios2eds/bin/gnu/H-x86_64-pc-linux-gnu/bin/../lib/gcc/nios2-elf/5.3.0/../../../../../H-x86_64-pc-linux-gnu/nios2-elf/lib/libc.a(lib_a-fclose.o)
 .comment       0x0000000000000023       0x24 /opt/intelFPGA/18.1/nios2eds/bin/gnu/H-x86_64-pc-linux-gnu/bin/../lib/gcc/nios2-elf/5.3.0/../../../../../H-x86_64-pc-linux-gnu/nios2-elf/lib/libc.a(lib_a-fflush.o)
 .comment       0x0000000000000023       0x24 /opt/intelFPGA/18.1/nios2eds/bin/gnu/H-x86_64-pc-linux-gnu/bin/../lib/gcc/nios2-elf/5.3.0/../../../../../H-x86_64-pc-linux-gnu/nios2-elf/lib/libc.a(lib_a-freer.o)
 .comment       0x0000000000000023       0x24 /opt/intelFPGA/18.1/nios2eds/bin/gnu/H-x86_64-pc-linux-gnu/bin/../lib/gcc/nios2-elf/5.3.0/../../../../../H-x86_64-pc-linux-gnu/nios2-elf/lib/libc.a(lib_a-int_errno.o)
 .comment       0x0000000000000023       0x24 /opt/intelFPGA/18.1/nios2eds/bin/gnu/H-x86_64-pc-linux-gnu/bin/../lib/gcc/nios2-elf/5.3.0/../../../../../H-x86_64-pc-linux-gnu/nios2-elf/lib/libc.a(lib_a-lseekr.o)
 .comment       0x0000000000000023       0x24 /opt/intelFPGA/18.1/nios2eds/bin/gnu/H-x86_64-pc-linux-gnu/bin/../lib/gcc/nios2-elf/5.3.0/../../../../../H-x86_64-pc-linux-gnu/nios2-elf/lib/libc.a(lib_a-makebuf.o)
 .comment       0x0000000000000023       0x24 /opt/intelFPGA/18.1/nios2eds/bin/gnu/H-x86_64-pc-linux-gnu/bin/../lib/gcc/nios2-elf/5.3.0/../../../../../H-x86_64-pc-linux-gnu/nios2-elf/lib/libc.a(lib_a-readr.o)
 .comment       0x0000000000000023       0x24 /opt/intelFPGA/18.1/nios2eds/bin/gnu/H-x86_64-pc-linux-gnu/bin/../lib/gcc/nios2-elf/5.3.0/../../../../../H-x86_64-pc-linux-gnu/nios2-elf/lib/libc.a(lib_a-fstatr.o)
 .comment       0x0000000000000023       0x24 /opt/intelFPGA/18.1/nios2eds/bin/gnu/H-x86_64-pc-linux-gnu/bin/../lib/gcc/nios2-elf/5.3.0/../../../../../H-x86_64-pc-linux-gnu/nios2-elf/lib/libc.a(lib_a-isattyr.o)
 .comment       0x0000000000000023       0x24 /opt/intelFPGA/18.1/nios2eds/bin/gnu/H-x86_64-pc-linux-gnu/bin/../lib/gcc/nios2-elf/5.3.0/libgcc.a(lib2-divmod.o)
 .comment       0x0000000000000023       0x24 /home/vm/Final-Project-Real-Time-Embedded-Systems/sw/nios/sound_acquisition_bsp//libhal_bsp.a(alt_close.o)
 .comment       0x0000000000000023       0x24 /home/vm/Final-Project-Real-Time-Embedded-Systems/sw/nios/sound_acquisition_bsp//libhal_bsp.a(alt_dev.o)
 .comment       0x0000000000000023       0x24 /home/vm/Final-Project-Real-Time-Embedded-Systems/sw/nios/sound_acquisition_bsp//libhal_bsp.a(alt_errno.o)
 .comment       0x0000000000000023       0x24 /home/vm/Final-Project-Real-Time-Embedded-Systems/sw/nios/sound_acquisition_bsp//libhal_bsp.a(alt_fstat.o)
 .comment       0x0000000000000023       0x24 /home/vm/Final-Project-Real-Time-Embedded-Systems/sw/nios/sound_acquisition_bsp//libhal_bsp.a(alt_isatty.o)
 .comment       0x0000000000000023       0x24 /home/vm/Final-Project-Real-Time-Embedded-Systems/sw/nios/sound_acquisition_bsp//libhal_bsp.a(alt_load.o)
 .comment       0x0000000000000023       0x24 /home/vm/Final-Project-Real-Time-Embedded-Systems/sw/nios/sound_acquisition_bsp//libhal_bsp.a(alt_lseek.o)
 .comment       0x0000000000000023       0x24 /home/vm/Final-Project-Real-Time-Embedded-Systems/sw/nios/sound_acquisition_bsp//libhal_bsp.a(alt_main.o)
 .comment       0x0000000000000023       0x24 /home/vm/Final-Project-Real-Time-Embedded-Systems/sw/nios/sound_acquisition_bsp//libhal_bsp.a(alt_malloc_lock.o)
 .comment       0x0000000000000023       0x24 /home/vm/Final-Project-Real-Time-Embedded-Systems/sw/nios/sound_acquisition_bsp//libhal_bsp.a(alt_read.o)
 .comment       0x0000000000000023       0x24 /home/vm/Final-Project-Real-Time-Embedded-Systems/sw/nios/sound_acquisition_bsp//libhal_bsp.a(alt_release_fd.o)
 .comment       0x0000000000000023       0x24 /home/vm/Final-Project-Real-Time-Embedded-Systems/sw/nios/sound_acquisition_bsp//libhal_bsp.a(alt_sbrk.o)
 .comment       0x0000000000000023       0x24 /home/vm/Final-Project-Real-Time-Embedded-Systems/sw/nios/sound_acquisition_bsp//libhal_bsp.a(alt_write.o)
 .comment       0x0000000000000023       0x24 /home/vm/Final-Project-Real-Time-Embedded-Systems/sw/nios/sound_acquisition_bsp//libhal_bsp.a(alt_sys_init.o)
 .comment       0x0000000000000023       0x24 /home/vm/Final-Project-Real-Time-Embedded-Systems/sw/nios/sound_acquisition_bsp//libhal_bsp.a(altera_avalon_jtag_uart_fd.o)
 .comment       0x0000000000000023       0x24 /home/vm/Final-Project-Real-Time-Embedded-Systems/sw/nios/sound_acquisition_bsp//libhal_bsp.a(altera_avalon_jtag_uart_init.o)
 .comment       0x0000000000000023       0x24 /home/vm/Final-Project-Real-Time-Embedded-Systems/sw/nios/sound_acquisition_bsp//libhal_bsp.a(altera_avalon_jtag_uart_ioctl.o)
 .comment       0x0000000000000023       0x24 /home/vm/Final-Project-Real-Time-Embedded-Systems/sw/nios/sound_acquisition_bsp//libhal_bsp.a(altera_avalon_jtag_uart_read.o)
 .comment       0x0000000000000023       0x24 /home/vm/Final-Project-Real-Time-Embedded-Systems/sw/nios/sound_acquisition_bsp//libhal_bsp.a(altera_avalon_jtag_uart_write.o)
 .comment       0x0000000000000023       0x24 /home/vm/Final-Project-Real-Time-Embedded-Systems/sw/nios/sound_acquisition_bsp//libhal_bsp.a(altera_avalon_mailbox_simple.o)
 .comment       0x0000000000000023       0x24 /home/vm/Final-Project-Real-Time-Embedded-Systems/sw/nios/sound_acquisition_bsp//libhal_bsp.a(altera_avalon_mutex.o)
 .comment       0x0000000000000023       0x24 /home/vm/Final-Project-Real-Time-Embedded-Systems/sw/nios/sound_acquisition_bsp//libhal_bsp.a(alt_alarm_start.o)
 .comment       0x0000000000000023       0x24 /home/vm/Final-Project-Real-Time-Embedded-Systems/sw/nios/sound_acquisition_bsp//libhal_bsp.a(alt_dcache_flush_all.o)
 .comment       0x0000000000000023       0x24 /home/vm/Final-Project-Real-Time-Embedded-Systems/sw/nios/sound_acquisition_bsp//libhal_bsp.a(alt_dev_llist_insert.o)
 .comment       0x0000000000000023       0x24 /home/vm/Final-Project-Real-Time-Embedded-Systems/sw/nios/sound_acquisition_bsp//libhal_bsp.a(alt_do_ctors.o)
 .comment       0x0000000000000023       0x24 /home/vm/Final-Project-Real-Time-Embedded-Systems/sw/nios/sound_acquisition_bsp//libhal_bsp.a(alt_do_dtors.o)
 .comment       0x0000000000000023       0x24 /home/vm/Final-Project-Real-Time-Embedded-Systems/sw/nios/sound_acquisition_bsp//libhal_bsp.a(alt_find_dev.o)
 .comment       0x0000000000000023       0x24 /home/vm/Final-Project-Real-Time-Embedded-Systems/sw/nios/sound_acquisition_bsp//libhal_bsp.a(alt_icache_flush_all.o)
 .comment       0x0000000000000023       0x24 /home/vm/Final-Project-Real-Time-Embedded-Systems/sw/nios/sound_acquisition_bsp//libhal_bsp.a(alt_io_redirect.o)
 .comment       0x0000000000000023       0x24 /home/vm/Final-Project-Real-Time-Embedded-Systems/sw/nios/sound_acquisition_bsp//libhal_bsp.a(alt_irq_register.o)
 .comment       0x0000000000000023       0x24 /home/vm/Final-Project-Real-Time-Embedded-Systems/sw/nios/sound_acquisition_bsp//libhal_bsp.a(alt_irq_vars.o)
 .comment       0x0000000000000023       0x24 /home/vm/Final-Project-Real-Time-Embedded-Systems/sw/nios/sound_acquisition_bsp//libhal_bsp.a(alt_open.o)
 .comment       0x0000000000000023       0x24 /home/vm/Final-Project-Real-Time-Embedded-Systems/sw/nios/sound_acquisition_bsp//libhal_bsp.a(alt_tick.o)
 .comment       0x0000000000000023       0x24 /home/vm/Final-Project-Real-Time-Embedded-Systems/sw/nios/sound_acquisition_bsp//libhal_bsp.a(altera_nios2_gen2_irq.o)
 .comment       0x0000000000000023       0x24 /home/vm/Final-Project-Real-Time-Embedded-Systems/sw/nios/sound_acquisition_bsp//libhal_bsp.a(alt_find_file.o)
 .comment       0x0000000000000023       0x24 /home/vm/Final-Project-Real-Time-Embedded-Systems/sw/nios/sound_acquisition_bsp//libhal_bsp.a(alt_get_fd.o)
 .comment       0x0000000000000023       0x24 /home/vm/Final-Project-Real-Time-Embedded-Systems/sw/nios/sound_acquisition_bsp//libhal_bsp.a(alt_icache_flush.o)
 .comment       0x0000000000000023       0x24 /home/vm/Final-Project-Real-Time-Embedded-Systems/sw/nios/sound_acquisition_bsp//libhal_bsp.a(alt_irq_handler.o)
 .comment       0x0000000000000023       0x24 /home/vm/Final-Project-Real-Time-Embedded-Systems/sw/nios/sound_acquisition_bsp//libhal_bsp.a(alt_instruction_exception_entry.o)
 .comment       0x0000000000000023       0x24 /opt/intelFPGA/18.1/nios2eds/bin/gnu/H-x86_64-pc-linux-gnu/bin/../lib/gcc/nios2-elf/5.3.0/../../../../../H-x86_64-pc-linux-gnu/nios2-elf/lib/libc.a(lib_a-atexit.o)
 .comment       0x0000000000000023       0x24 /opt/intelFPGA/18.1/nios2eds/bin/gnu/H-x86_64-pc-linux-gnu/bin/../lib/gcc/nios2-elf/5.3.0/../../../../../H-x86_64-pc-linux-gnu/nios2-elf/lib/libc.a(lib_a-exit.o)
 .comment       0x0000000000000023       0x24 /opt/intelFPGA/18.1/nios2eds/bin/gnu/H-x86_64-pc-linux-gnu/bin/../lib/gcc/nios2-elf/5.3.0/../../../../../H-x86_64-pc-linux-gnu/nios2-elf/lib/libc.a(lib_a-memcmp.o)
 .comment       0x0000000000000023       0x24 /opt/intelFPGA/18.1/nios2eds/bin/gnu/H-x86_64-pc-linux-gnu/bin/../lib/gcc/nios2-elf/5.3.0/../../../../../H-x86_64-pc-linux-gnu/nios2-elf/lib/libc.a(lib_a-__atexit.o)
 .comment       0x0000000000000023       0x24 /opt/intelFPGA/18.1/nios2eds/bin/gnu/H-x86_64-pc-linux-gnu/bin/../lib/gcc/nios2-elf/5.3.0/../../../../../H-x86_64-pc-linux-gnu/nios2-elf/lib/libc.a(lib_a-__call_atexit.o)
 .comment       0x0000000000000023       0x24 /home/vm/Final-Project-Real-Time-Embedded-Systems/sw/nios/sound_acquisition_bsp//libhal_bsp.a(alt_exit.o)

.debug
 *(.debug)

.line
 *(.line)

.debug_srcinfo
 *(.debug_srcinfo)

.debug_sfnames
 *(.debug_sfnames)

.debug_aranges  0x0000000000000000      0xa30
 *(.debug_aranges)
 .debug_aranges
                0x0000000000000000       0x28 /home/vm/Final-Project-Real-Time-Embedded-Systems/sw/nios/sound_acquisition_bsp//obj/HAL/src/crt0.o
 .debug_aranges
                0x0000000000000028       0x20 obj/default/hello_world.o
 .debug_aranges
                0x0000000000000048       0x28 /opt/intelFPGA/18.1/nios2eds/bin/gnu/H-x86_64-pc-linux-gnu/bin/../lib/gcc/nios2-elf/5.3.0/../../../../../H-x86_64-pc-linux-gnu/nios2-elf/lib/libc.a(lib_a-puts.o)
 .debug_aranges
                0x0000000000000070       0x20 /opt/intelFPGA/18.1/nios2eds/bin/gnu/H-x86_64-pc-linux-gnu/bin/../lib/gcc/nios2-elf/5.3.0/../../../../../H-x86_64-pc-linux-gnu/nios2-elf/lib/libc.a(lib_a-strlen.o)
 .debug_aranges
                0x0000000000000090       0x68 /opt/intelFPGA/18.1/nios2eds/bin/gnu/H-x86_64-pc-linux-gnu/bin/../lib/gcc/nios2-elf/5.3.0/../../../../../H-x86_64-pc-linux-gnu/nios2-elf/lib/libc.a(lib_a-findfp.o)
 .debug_aranges
                0x00000000000000f8       0x20 /opt/intelFPGA/18.1/nios2eds/bin/gnu/H-x86_64-pc-linux-gnu/bin/../lib/gcc/nios2-elf/5.3.0/../../../../../H-x86_64-pc-linux-gnu/nios2-elf/lib/libc.a(lib_a-fvwrite.o)
 .debug_aranges
                0x0000000000000118       0x28 /opt/intelFPGA/18.1/nios2eds/bin/gnu/H-x86_64-pc-linux-gnu/bin/../lib/gcc/nios2-elf/5.3.0/../../../../../H-x86_64-pc-linux-gnu/nios2-elf/lib/libc.a(lib_a-fwalk.o)
 .debug_aranges
                0x0000000000000140       0x18 /opt/intelFPGA/18.1/nios2eds/bin/gnu/H-x86_64-pc-linux-gnu/bin/../lib/gcc/nios2-elf/5.3.0/../../../../../H-x86_64-pc-linux-gnu/nios2-elf/lib/libc.a(lib_a-impure.o)
 .debug_aranges
                0x0000000000000158       0x20 /opt/intelFPGA/18.1/nios2eds/bin/gnu/H-x86_64-pc-linux-gnu/bin/../lib/gcc/nios2-elf/5.3.0/../../../../../H-x86_64-pc-linux-gnu/nios2-elf/lib/libc.a(lib_a-mallocr.o)
 .debug_aranges
                0x0000000000000178       0x20 /opt/intelFPGA/18.1/nios2eds/bin/gnu/H-x86_64-pc-linux-gnu/bin/../lib/gcc/nios2-elf/5.3.0/../../../../../H-x86_64-pc-linux-gnu/nios2-elf/lib/libc.a(lib_a-memchr.o)
 .debug_aranges